Archive member included to satisfy reference by file (symbol)

c:/st/stm32cubeide_1.11.2/stm32cubeide/plugins/com.st.stm32cube.ide.mcu.externaltools.gnu-tools-for-stm32.10.3-2021.10.win32_1.0.100.202210260954/tools/bin/../lib/gcc/arm-none-eabi/10.3.1/../../../../arm-none-eabi/lib/thumb/v7e-m+fp/hard\libc_nano.a(lib_a-errno.o)
                              ./Core/Src/syscalls.o (__errno)
c:/st/stm32cubeide_1.11.2/stm32cubeide/plugins/com.st.stm32cube.ide.mcu.externaltools.gnu-tools-for-stm32.10.3-2021.10.win32_1.0.100.202210260954/tools/bin/../lib/gcc/arm-none-eabi/10.3.1/../../../../arm-none-eabi/lib/thumb/v7e-m+fp/hard\libc_nano.a(lib_a-exit.o)
                              c:/st/stm32cubeide_1.11.2/stm32cubeide/plugins/com.st.stm32cube.ide.mcu.externaltools.gnu-tools-for-stm32.10.3-2021.10.win32_1.0.100.202210260954/tools/bin/../lib/gcc/arm-none-eabi/10.3.1/../../../../arm-none-eabi/lib/thumb/v7e-m+fp/hard/crt0.o (exit)
c:/st/stm32cubeide_1.11.2/stm32cubeide/plugins/com.st.stm32cube.ide.mcu.externaltools.gnu-tools-for-stm32.10.3-2021.10.win32_1.0.100.202210260954/tools/bin/../lib/gcc/arm-none-eabi/10.3.1/../../../../arm-none-eabi/lib/thumb/v7e-m+fp/hard\libc_nano.a(lib_a-impure.o)
                              c:/st/stm32cubeide_1.11.2/stm32cubeide/plugins/com.st.stm32cube.ide.mcu.externaltools.gnu-tools-for-stm32.10.3-2021.10.win32_1.0.100.202210260954/tools/bin/../lib/gcc/arm-none-eabi/10.3.1/../../../../arm-none-eabi/lib/thumb/v7e-m+fp/hard\libc_nano.a(lib_a-exit.o) (_global_impure_ptr)
c:/st/stm32cubeide_1.11.2/stm32cubeide/plugins/com.st.stm32cube.ide.mcu.externaltools.gnu-tools-for-stm32.10.3-2021.10.win32_1.0.100.202210260954/tools/bin/../lib/gcc/arm-none-eabi/10.3.1/../../../../arm-none-eabi/lib/thumb/v7e-m+fp/hard\libc_nano.a(lib_a-init.o)
                              c:/st/stm32cubeide_1.11.2/stm32cubeide/plugins/com.st.stm32cube.ide.mcu.externaltools.gnu-tools-for-stm32.10.3-2021.10.win32_1.0.100.202210260954/tools/bin/../lib/gcc/arm-none-eabi/10.3.1/../../../../arm-none-eabi/lib/thumb/v7e-m+fp/hard/crt0.o (__libc_init_array)
c:/st/stm32cubeide_1.11.2/stm32cubeide/plugins/com.st.stm32cube.ide.mcu.externaltools.gnu-tools-for-stm32.10.3-2021.10.win32_1.0.100.202210260954/tools/bin/../lib/gcc/arm-none-eabi/10.3.1/../../../../arm-none-eabi/lib/thumb/v7e-m+fp/hard\libc_nano.a(lib_a-memcpy-stub.o)
                              ./Core/Src/main.o (memcpy)
c:/st/stm32cubeide_1.11.2/stm32cubeide/plugins/com.st.stm32cube.ide.mcu.externaltools.gnu-tools-for-stm32.10.3-2021.10.win32_1.0.100.202210260954/tools/bin/../lib/gcc/arm-none-eabi/10.3.1/../../../../arm-none-eabi/lib/thumb/v7e-m+fp/hard\libc_nano.a(lib_a-memset.o)
                              c:/st/stm32cubeide_1.11.2/stm32cubeide/plugins/com.st.stm32cube.ide.mcu.externaltools.gnu-tools-for-stm32.10.3-2021.10.win32_1.0.100.202210260954/tools/bin/../lib/gcc/arm-none-eabi/10.3.1/../../../../arm-none-eabi/lib/thumb/v7e-m+fp/hard/crt0.o (memset)
c:/st/stm32cubeide_1.11.2/stm32cubeide/plugins/com.st.stm32cube.ide.mcu.externaltools.gnu-tools-for-stm32.10.3-2021.10.win32_1.0.100.202210260954/tools/bin/../lib/gcc/arm-none-eabi/10.3.1/../../../../arm-none-eabi/lib/thumb/v7e-m+fp/hard\libc_nano.a(lib_a-nano-vfprintf_float.o)
                              (_printf_float)
c:/st/stm32cubeide_1.11.2/stm32cubeide/plugins/com.st.stm32cube.ide.mcu.externaltools.gnu-tools-for-stm32.10.3-2021.10.win32_1.0.100.202210260954/tools/bin/../lib/gcc/arm-none-eabi/10.3.1/../../../../arm-none-eabi/lib/thumb/v7e-m+fp/hard\libc_nano.a(lib_a-nano-vfprintf_i.o)
                              c:/st/stm32cubeide_1.11.2/stm32cubeide/plugins/com.st.stm32cube.ide.mcu.externaltools.gnu-tools-for-stm32.10.3-2021.10.win32_1.0.100.202210260954/tools/bin/../lib/gcc/arm-none-eabi/10.3.1/../../../../arm-none-eabi/lib/thumb/v7e-m+fp/hard\libc_nano.a(lib_a-nano-vfprintf_float.o) (_printf_common)
c:/st/stm32cubeide_1.11.2/stm32cubeide/plugins/com.st.stm32cube.ide.mcu.externaltools.gnu-tools-for-stm32.10.3-2021.10.win32_1.0.100.202210260954/tools/bin/../lib/gcc/arm-none-eabi/10.3.1/../../../../arm-none-eabi/lib/thumb/v7e-m+fp/hard\libc_nano.a(lib_a-sprintf.o)
                              ./Core/Src/main.o (sprintf)
c:/st/stm32cubeide_1.11.2/stm32cubeide/plugins/com.st.stm32cube.ide.mcu.externaltools.gnu-tools-for-stm32.10.3-2021.10.win32_1.0.100.202210260954/tools/bin/../lib/gcc/arm-none-eabi/10.3.1/../../../../arm-none-eabi/lib/thumb/v7e-m+fp/hard\libc_nano.a(lib_a-strcpy.o)
                              ./Drivers/BSP/Components/vl53l0x/vl53l0x_api_core.o (strcpy)
c:/st/stm32cubeide_1.11.2/stm32cubeide/plugins/com.st.stm32cube.ide.mcu.externaltools.gnu-tools-for-stm32.10.3-2021.10.win32_1.0.100.202210260954/tools/bin/../lib/gcc/arm-none-eabi/10.3.1/../../../../arm-none-eabi/lib/thumb/v7e-m+fp/hard\libc_nano.a(lib_a-strlen.o)
                              ./Core/Src/main.o (strlen)
[...]
Memory Configuration

Name             Origin             Length             Attributes
RAM              0x0000000020000000 0x0000000000020000 xrw
FLASH            0x0000000008000000 0x0000000000080000 xr
*default*        0x0000000000000000 0xffffffffffffffff

Linker script and memory map

LOAD c:/st/stm32cubeide_1.11.2/stm32cubeide/plugins/com.st.stm32cube.ide.mcu.externaltools.gnu-tools-for-stm32.10.3-2021.10.win32_1.0.100.202210260954/tools/bin/../lib/gcc/arm-none-eabi/10.3.1/thumb/v7e-m+fp/hard/crti.o
LOAD c:/st/stm32cubeide_1.11.2/stm32cubeide/plugins/com.st.stm32cube.ide.mcu.externaltools.gnu-tools-for-stm32.10.3-2021.10.win32_1.0.100.202210260954/tools/bin/../lib/gcc/arm-none-eabi/10.3.1/thumb/v7e-m+fp/hard/crtbegin.o
LOAD c:/st/stm32cubeide_1.11.2/stm32cubeide/plugins/com.st.stm32cube.ide.mcu.externaltools.gnu-tools-for-stm32.10.3-2021.10.win32_1.0.100.202210260954/tools/bin/../lib/gcc/arm-none-eabi/10.3.1/../../../../arm-none-eabi/lib/thumb/v7e-m+fp/hard/crt0.o
LOAD ./Core/Src/main.o
LOAD ./Core/Src/stm32f4xx_hal_msp.o
LOAD ./Core/Src/stm32f4xx_it.o
LOAD ./Core/Src/syscalls.o
LOAD ./Core/Src/sysmem.o
LOAD ./Core/Src/system_stm32f4xx.o
LOAD ./Core/Startup/startup_stm32f411retx.o
LOAD ./Drivers/BSP/Components/vl53l0x/uart_trace.o
LOAD ./Drivers/BSP/Components/vl53l0x/vl53l0x_api.o
LOAD ./Drivers/BSP/Components/vl53l0x/vl53l0x_api_calibration.o
LOAD ./Drivers/BSP/Components/vl53l0x/vl53l0x_api_core.o
LOAD ./Drivers/BSP/Components/vl53l0x/vl53l0x_api_ranging.o
LOAD ./Drivers/BSP/Components/vl53l0x/vl53l0x_api_strings.o
LOAD ./Drivers/BSP/Components/vl53l0x/vl53l0x_platform_log.o
LOAD ./Drivers/BSP/NUCLEO-F411RE/uart_trace.o
LOAD ./Drivers/BSP/NUCLEO-F411RE/vl53l0x_platform.o
LOAD ./Drivers/STM32F4xx_HAL_Driver/Src/stm32f4xx_hal.o
LOAD ./Drivers/STM32F4xx_HAL_Driver/Src/stm32f4xx_hal_adc.o
LOAD ./Drivers/STM32F4xx_HAL_Driver/Src/stm32f4xx_hal_adc_ex.o
LOAD ./Drivers/STM32F4xx_HAL_Driver/Src/stm32f4xx_hal_cortex.o
LOAD ./Drivers/STM32F4xx_HAL_Driver/Src/stm32f4xx_hal_dma.o
LOAD ./Drivers/STM32F4xx_HAL_Driver/Src/stm32f4xx_hal_dma_ex.o
LOAD ./Drivers/STM32F4xx_HAL_Driver/Src/stm32f4xx_hal_exti.o
LOAD ./Drivers/STM32F4xx_HAL_Driver/Src/stm32f4xx_hal_flash.o
LOAD ./Drivers/STM32F4xx_HAL_Driver/Src/stm32f4xx_hal_flash_ex.o
LOAD ./Drivers/STM32F4xx_HAL_Driver/Src/stm32f4xx_hal_flash_ramfunc.o
LOAD ./Drivers/STM32F4xx_HAL_Driver/Src/stm32f4xx_hal_gpio.o
LOAD ./Drivers/STM32F4xx_HAL_Driver/Src/stm32f4xx_hal_i2c.o
LOAD ./Drivers/STM32F4xx_HAL_Driver/Src/stm32f4xx_hal_i2c_ex.o
LOAD ./Drivers/STM32F4xx_HAL_Driver/Src/stm32f4xx_hal_pwr.o
LOAD ./Drivers/STM32F4xx_HAL_Driver/Src/stm32f4xx_hal_pwr_ex.o
LOAD ./Drivers/STM32F4xx_HAL_Driver/Src/stm32f4xx_hal_rcc.o
LOAD ./Drivers/STM32F4xx_HAL_Driver/Src/stm32f4xx_hal_rcc_ex.o
LOAD ./Drivers/STM32F4xx_HAL_Driver/Src/stm32f4xx_hal_tim.o
LOAD ./Drivers/STM32F4xx_HAL_Driver/Src/stm32f4xx_hal_tim_ex.o
LOAD ./Drivers/STM32F4xx_HAL_Driver/Src/stm32f4xx_hal_uart.o
LOAD ./Drivers/STM32F4xx_HAL_Driver/Src/stm32f4xx_ll_adc.o
START GROUP
LOAD c:/st/stm32cubeide_1.11.2/stm32cubeide/plugins/com.st.stm32cube.ide.mcu.externaltools.gnu-tools-for-stm32.10.3-2021.10.win32_1.0.100.202210260954/tools/bin/../lib/gcc/arm-none-eabi/10.3.1/../../../../arm-none-eabi/lib/thumb/v7e-m+fp/hard\libc_nano.a
LOAD c:/st/stm32cubeide_1.11.2/stm32cubeide/plugins/com.st.stm32cube.ide.mcu.externaltools.gnu-tools-for-stm32.10.3-2021.10.win32_1.0.100.202210260954/tools/bin/../lib/gcc/arm-none-eabi/10.3.1/../../../../arm-none-eabi/lib/thumb/v7e-m+fp/hard\libm.a
END GROUP
START GROUP
LOAD c:/st/stm32cubeide_1.11.2/stm32cubeide/plugins/com.st.stm32cube.ide.mcu.externaltools.gnu-tools-for-stm32.10.3-2021.10.win32_1.0.100.202210260954/tools/bin/../lib/gcc/arm-none-eabi/10.3.1/thumb/v7e-m+fp/hard\libgcc.a
LOAD c:/st/stm32cubeide_1.11.2/stm32cubeide/plugins/com.st.stm32cube.ide.mcu.externaltools.gnu-tools-for-stm32.10.3-2021.10.win32_1.0.100.202210260954/tools/bin/../lib/gcc/arm-none-eabi/10.3.1/../../../../arm-none-eabi/lib/thumb/v7e-m+fp/hard\libc_nano.a
END GROUP
START GROUP
LOAD c:/st/stm32cubeide_1.11.2/stm32cubeide/plugins/com.st.stm32cube.ide.mcu.externaltools.gnu-tools-for-stm32.10.3-2021.10.win32_1.0.100.202210260954/tools/bin/../lib/gcc/arm-none-eabi/10.3.1/thumb/v7e-m+fp/hard\libgcc.a
LOAD c:/st/stm32cubeide_1.11.2/stm32cubeide/plugins/com.st.stm32cube.ide.mcu.externaltools.gnu-tools-for-stm32.10.3-2021.10.win32_1.0.100.202210260954/tools/bin/../lib/gcc/arm-none-eabi/10.3.1/../../../../arm-none-eabi/lib/thumb/v7e-m+fp/hard\libc_nano.a
LOAD c:/st/stm32cubeide_1.11.2/stm32cubeide/plugins/com.st.stm32cube.ide.mcu.externaltools.gnu-tools-for-stm32.10.3-2021.10.win32_1.0.100.202210260954/tools/bin/../lib/gcc/arm-none-eabi/10.3.1/../../../../arm-none-eabi/lib/thumb/v7e-m+fp/hard\libnosys.a
END GROUP
START GROUP
LOAD c:/st/stm32cubeide_1.11.2/stm32cubeide/plugins/com.st.stm32cube.ide.mcu.externaltools.gnu-tools-for-stm32.10.3-2021.10.win32_1.0.100.202210260954/tools/bin/../lib/gcc/arm-none-eabi/10.3.1/thumb/v7e-m+fp/hard\libgcc.a
LOAD c:/st/stm32cubeide_1.11.2/stm32cubeide/plugins/com.st.stm32cube.ide.mcu.externaltools.gnu-tools-for-stm32.10.3-2021.10.win32_1.0.100.202210260954/tools/bin/../lib/gcc/arm-none-eabi/10.3.1/../../../../arm-none-eabi/lib/thumb/v7e-m+fp/hard\libc_nano.a
LOAD c:/st/stm32cubeide_1.11.2/stm32cubeide/plugins/com.st.stm32cube.ide.mcu.externaltools.gnu-tools-for-stm32.10.3-2021.10.win32_1.0.100.202210260954/tools/bin/../lib/gcc/arm-none-eabi/10.3.1/../../../../arm-none-eabi/lib/thumb/v7e-m+fp/hard\libnosys.a
END GROUP
LOAD c:/st/stm32cubeide_1.11.2/stm32cubeide/plugins/com.st.stm32cube.ide.mcu.externaltools.gnu-tools-for-stm32.10.3-2021.10.win32_1.0.100.202210260954/tools/bin/../lib/gcc/arm-none-eabi/10.3.1/thumb/v7e-m+fp/hard/crtend.o
LOAD c:/st/stm32cubeide_1.11.2/stm32cubeide/plugins/com.st.stm32cube.ide.mcu.externaltools.gnu-tools-for-stm32.10.3-2021.10.win32_1.0.100.202210260954/tools/bin/../lib/gcc/arm-none-eabi/10.3.1/thumb/v7e-m+fp/hard/crtn.o
                0x0000000020020000                _estack = (ORIGIN (RAM) + LENGTH (RAM))
                0x0000000000000200                _Min_Heap_Size = 0x200
                0x0000000000000400                _Min_Stack_Size = 0x400

.isr_vector     0x0000000008000000      0x198
                0x0000000008000000                . = ALIGN (0x4)
 *(.isr_vector)
 .isr_vector    0x0000000008000000      0x198 ./Core/Startup/startup_stm32f411retx.o
                0x0000000008000000                g_pfnVectors
                0x0000000008000198                . = ALIGN (0x4)

.text           0x00000000080001a0     0xf36c
                0x00000000080001a0                . = ALIGN (0x4)
 *(.text)
 .text          0x00000000080001a0       0x40 c:/st/stm32cubeide_1.11.2/stm32cubeide/plugins/com.st.stm32cube.ide.mcu.externaltools.gnu-tools-for-stm32.10.3-2021.10.win32_1.0.100.202210260954/tools/bin/../lib/gcc/arm-none-eabi/10.3.1/thumb/v7e-m+fp/hard/crtbegin.o
 .text          0x00000000080001e0       0x10 c:/st/stm32cubeide_1.11.2/stm32cubeide/plugins/com.st.stm32cube.ide.mcu.externaltools.gnu-tools-for-stm32.10.3-2021.10.win32_1.0.100.202210260954/tools/bin/../lib/gcc/arm-none-eabi/10.3.1/../../../../arm-none-eabi/lib/thumb/v7e-m+fp/hard\libc_nano.a(lib_a-strlen.o)
                0x00000000080001e0                strlen
 .text          0x00000000080001f0       0xa0 c:/st/stm32cubeide_1.11.2/stm32cubeide/plugins/com.st.stm32cube.ide.mcu.externaltools.gnu-tools-for-stm32.10.3-2021.10.win32_1.0.100.202210260954/tools/bin/../lib/gcc/arm-none-eabi/10.3.1/../../../../arm-none-eabi/lib/thumb/v7e-m+fp/hard\libc_nano.a(lib_a-memchr.o)
                0x00000000080001f0                memchr
 .text          0x0000000008000290      0x378 c:/st/stm32cubeide_1.11.2/stm32cubeide/plugins/com.st.stm32cube.ide.mcu.externaltools.gnu-tools-for-stm32.10.3-2021.10.win32_1.0.100.202210260954/tools/bin/../lib/gcc/arm-none-eabi/10.3.1/thumb/v7e-m+fp/hard\libgcc.a(_arm_addsubdf3.o)
                0x0000000008000290                __aeabi_drsub
                0x0000000008000298                __aeabi_dsub
                0x0000000008000298                __subdf3
                0x000000000800029c                __aeabi_dadd
                0x000000000800029c                __adddf3
                0x0000000008000514                __floatunsidf
                0x0000000008000514                __aeabi_ui2d
                0x0000000008000534                __floatsidf
                0x0000000008000534                __aeabi_i2d
                0x0000000008000558                __aeabi_f2d
                0x0000000008000558                __extendsfdf2
                0x000000000800059c                __floatundidf
                0x000000000800059c                __aeabi_ul2d
                0x00000000080005ac                __floatdidf
                0x00000000080005ac                __aeabi_l2d
 .text          0x0000000008000608      0x424 c:/st/stm32cubeide_1.11.2/stm32cubeide/plugins/com.st.stm32cube.ide.mcu.externaltools.gnu-tools-for-stm32.10.3-2021.10.win32_1.0.100.202210260954/tools/bin/../lib/gcc/arm-none-eabi/10.3.1/thumb/v7e-m+fp/hard\libgcc.a(_arm_muldivdf3.o)
                0x0000000008000608                __aeabi_dmul
                0x0000000008000608                __muldf3
                0x000000000800085c                __divdf3
                0x000000000800085c                __aeabi_ddiv
 .text          0x0000000008000a2c      0x110 c:/st/stm32cubeide_1.11.2/stm32cubeide/plugins/com.st.stm32cube.ide.mcu.externaltools.gnu-tools-for-stm32.10.3-2021.10.win32_1.0.100.202210260954/tools/bin/../lib/gcc/arm-none-eabi/10.3.1/thumb/v7e-m+fp/hard\libgcc.a(_arm_cmpdf2.o)
                0x0000000008000a2c                __gtdf2
                0x0000000008000a2c                __gedf2
                0x0000000008000a34                __ltdf2
                0x0000000008000a34                __ledf2
                0x0000000008000a3c                __nedf2
                0x0000000008000a3c                __eqdf2
                0x0000000008000a3c                __cmpdf2
                0x0000000008000ab8                __aeabi_cdrcmple
                0x0000000008000ac8                __aeabi_cdcmpeq
                0x0000000008000ac8                __aeabi_cdcmple
                0x0000000008000ad8                __aeabi_dcmpeq
                0x0000000008000aec                __aeabi_dcmplt
                0x0000000008000b00                __aeabi_dcmple
                0x0000000008000b14                __aeabi_dcmpge
                0x0000000008000b28                __aeabi_dcmpgt
 .text          0x0000000008000b3c       0x2c c:/st/stm32cubeide_1.11.2/stm32cubeide/plugins/com.st.stm32cube.ide.mcu.externaltools.gnu-tools-for-stm32.10.3-2021.10.win32_1.0.100.202210260954/tools/bin/../lib/gcc/arm-none-eabi/10.3.1/thumb/v7e-m+fp/hard\libgcc.a(_arm_unorddf2.o)
                0x0000000008000b3c                __unorddf2
                0x0000000008000b3c                __aeabi_dcmpun
 .text          0x0000000008000b68       0x50 c:/st/stm32cubeide_1.11.2/stm32cubeide/plugins/com.st.stm32cube.ide.mcu.externaltools.gnu-tools-for-stm32.10.3-2021.10.win32_1.0.100.202210260954/tools/bin/../lib/gcc/arm-none-eabi/10.3.1/thumb/v7e-m+fp/hard\libgcc.a(_arm_fixdfsi.o)
                0x0000000008000b68                __aeabi_d2iz
                0x0000000008000b68                __fixdfsi
 .text          0x0000000008000bb8       0x40 c:/st/stm32cubeide_1.11.2/stm32cubeide/plugins/com.st.stm32cube.ide.mcu.externaltools.gnu-tools-for-stm32.10.3-2021.10.win32_1.0.100.202210260954/tools/bin/../lib/gcc/arm-none-eabi/10.3.1/thumb/v7e-m+fp/hard\libgcc.a(_arm_fixunsdfsi.o)
                0x0000000008000bb8                __aeabi_d2uiz
                0x0000000008000bb8                __fixunsdfsi
 .text          0x0000000008000bf8       0xa0 c:/st/stm32cubeide_1.11.2/stm32cubeide/plugins/com.st.stm32cube.ide.mcu.externaltools.gnu-tools-for-stm32.10.3-2021.10.win32_1.0.100.202210260954/tools/bin/../lib/gcc/arm-none-eabi/10.3.1/thumb/v7e-m+fp/hard\libgcc.a(_arm_truncdfsf2.o)
                0x0000000008000bf8                __truncdfsf2
                0x0000000008000bf8                __aeabi_d2f
 .text          0x0000000008000c98       0x30 c:/st/stm32cubeide_1.11.2/stm32cubeide/plugins/com.st.stm32cube.ide.mcu.externaltools.gnu-tools-for-stm32.10.3-2021.10.win32_1.0.100.202210260954/tools/bin/../lib/gcc/arm-none-eabi/10.3.1/thumb/v7e-m+fp/hard\libgcc.a(_aeabi_uldivmod.o)
                0x0000000008000c98                __aeabi_uldivmod
 .text          0x0000000008000cc8      0x2d0 c:/st/stm32cubeide_1.11.2/stm32cubeide/plugins/com.st.stm32cube.ide.mcu.externaltools.gnu-tools-for-stm32.10.3-2021.10.win32_1.0.100.202210260954/tools/bin/../lib/gcc/arm-none-eabi/10.3.1/thumb/v7e-m+fp/hard\libgcc.a(_udivmoddi4.o)
                0x0000000008000cc8                __udivmoddi4
 .text          0x0000000008000f98        0x4 c:/st/stm32cubeide_1.11.2/stm32cubeide/plugins/com.st.stm32cube.ide.mcu.externaltools.gnu-tools-for-stm32.10.3-2021.10.win32_1.0.100.202210260954/tools/bin/../lib/gcc/arm-none-eabi/10.3.1/thumb/v7e-m+fp/hard\libgcc.a(_dvmd_tls.o)
                0x0000000008000f98                __aeabi_idiv0
                0x0000000008000f98                __aeabi_ldiv0
 *(.text*)
 *fill*         0x0000000008000f9c        0x4 
 .text.get_current
                0x0000000008000fa0       0x94 ./Core/Src/main.o
                0x0000000008000fa0                get_current
 *fill*         0x0000000008001034        0x4 
 .text.Recevoir_tension_SHUNT
                0x0000000008001038       0xb4 ./Core/Src/main.o
                0x0000000008001038                Recevoir_tension_SHUNT
 *fill*         0x00000000080010ec        0x4 
 .text.get_voltage
                0x00000000080010f0       0x74 ./Core/Src/main.o
                0x00000000080010f0                get_voltage
 .text.Correcteur
                0x0000000008001164      0x1dc ./Core/Src/main.o
                0x0000000008001164                Correcteur
 .text.get_position
                0x0000000008001340       0x5c ./Core/Src/main.o
                0x0000000008001340                get_position
 .text.main     0x000000000800139c       0xa8 ./Core/Src/main.o
                0x000000000800139c                main
 .text.SystemClock_Config
                0x0000000008001444       0xd4 ./Core/Src/main.o
                0x0000000008001444                SystemClock_Config
 .text.MX_ADC1_Init
                0x0000000008001518       0xc0 ./Core/Src/main.o
 .text.MX_I2C1_Init
                0x00000000080015d8       0x5c ./Core/Src/main.o
 .text.MX_TIM1_Init
                0x0000000008001634      0x140 ./Core/Src/main.o
 .text.MX_TIM2_Init
                0x0000000008001774       0x9c ./Core/Src/main.o
 .text.MX_USART2_UART_Init
                0x0000000008001810       0x54 ./Core/Src/main.o
 .text.MX_DMA_Init
                0x0000000008001864       0x40 ./Core/Src/main.o
 .text.MX_GPIO_Init
                0x00000000080018a4       0xe0 ./Core/Src/main.o
 .text.HAL_TIM_PeriodElapsedCallback
                0x0000000008001984       0x14 ./Core/Src/main.o
                0x0000000008001984                HAL_TIM_PeriodElapsedCallback
 .text.HAL_ADC_ConvCpltCallback
                0x0000000008001998       0x34 ./Core/Src/main.o
                0x0000000008001998                HAL_ADC_ConvCpltCallback
 .text.get_value_from_digits
                0x00000000080019cc       0x5c ./Core/Src/main.o
                0x00000000080019cc                get_value_from_digits
 .text.HAL_UART_RxCpltCallback
                0x0000000008001a28      0x13c ./Core/Src/main.o
                0x0000000008001a28                HAL_UART_RxCpltCallback
 .text.Error_Handler
                0x0000000008001b64        0xa ./Core/Src/main.o
                0x0000000008001b64                Error_Handler
 *fill*         0x0000000008001b6e        0x2 
 .text.HAL_MspInit
                0x0000000008001b70       0x50 ./Core/Src/stm32f4xx_hal_msp.o
                0x0000000008001b70                HAL_MspInit
 .text.HAL_ADC_MspInit
                0x0000000008001bc0      0x100 ./Core/Src/stm32f4xx_hal_msp.o
                0x0000000008001bc0                HAL_ADC_MspInit
 .text.HAL_I2C_MspInit
                0x0000000008001cc0       0x90 ./Core/Src/stm32f4xx_hal_msp.o
                0x0000000008001cc0                HAL_I2C_MspInit
 .text.HAL_TIM_Base_MspInit
                0x0000000008001d50       0x78 ./Core/Src/stm32f4xx_hal_msp.o
                0x0000000008001d50                HAL_TIM_Base_MspInit
 .text.HAL_TIM_MspPostInit
                0x0000000008001dc8       0x74 ./Core/Src/stm32f4xx_hal_msp.o
                0x0000000008001dc8                HAL_TIM_MspPostInit
 .text.HAL_UART_MspInit
                0x0000000008001e3c       0xa0 ./Core/Src/stm32f4xx_hal_msp.o
                0x0000000008001e3c                HAL_UART_MspInit
 .text.NMI_Handler
                0x0000000008001edc        0x6 ./Core/Src/stm32f4xx_it.o
                0x0000000008001edc                NMI_Handler
 .text.HardFault_Handler
                0x0000000008001ee2        0x6 ./Core/Src/stm32f4xx_it.o
                0x0000000008001ee2                HardFault_Handler
 .text.MemManage_Handler
                0x0000000008001ee8        0x6 ./Core/Src/stm32f4xx_it.o
                0x0000000008001ee8                MemManage_Handler
 .text.BusFault_Handler
                0x0000000008001eee        0x6 ./Core/Src/stm32f4xx_it.o
                0x0000000008001eee                BusFault_Handler
 .text.UsageFault_Handler
                0x0000000008001ef4        0x6 ./Core/Src/stm32f4xx_it.o
                0x0000000008001ef4                UsageFault_Handler
 .text.SVC_Handler
                0x0000000008001efa        0xe ./Core/Src/stm32f4xx_it.o
                0x0000000008001efa                SVC_Handler
 .text.DebugMon_Handler
                0x0000000008001f08        0xe ./Core/Src/stm32f4xx_it.o
                0x0000000008001f08                DebugMon_Handler
 .text.PendSV_Handler
                0x0000000008001f16        0xe ./Core/Src/stm32f4xx_it.o
                0x0000000008001f16                PendSV_Handler
 .text.SysTick_Handler
                0x0000000008001f24        0xc ./Core/Src/stm32f4xx_it.o
                0x0000000008001f24                SysTick_Handler
 .text.ADC_IRQHandler
                0x0000000008001f30       0x14 ./Core/Src/stm32f4xx_it.o
                0x0000000008001f30                ADC_IRQHandler
 .text.TIM2_IRQHandler
                0x0000000008001f44       0x14 ./Core/Src/stm32f4xx_it.o
                0x0000000008001f44                TIM2_IRQHandler
 .text.USART2_IRQHandler
                0x0000000008001f58       0x14 ./Core/Src/stm32f4xx_it.o
                0x0000000008001f58                USART2_IRQHandler
 .text.DMA2_Stream0_IRQHandler
                0x0000000008001f6c       0x14 ./Core/Src/stm32f4xx_it.o
                0x0000000008001f6c                DMA2_Stream0_IRQHandler
 .text._getpid  0x0000000008001f80       0x10 ./Core/Src/syscalls.o
                0x0000000008001f80                _getpid
 .text._kill    0x0000000008001f90       0x20 ./Core/Src/syscalls.o
                0x0000000008001f90                _kill
 .text._exit    0x0000000008001fb0       0x14 ./Core/Src/syscalls.o
                0x0000000008001fb0                _exit
 .text._read    0x0000000008001fc4       0x3a ./Core/Src/syscalls.o
                0x0000000008001fc4                _read
 .text._write   0x0000000008001ffe       0x38 ./Core/Src/syscalls.o
                0x0000000008001ffe                _write
 .text._close   0x0000000008002036       0x18 ./Core/Src/syscalls.o
                0x0000000008002036                _close
 .text._fstat   0x000000000800204e       0x20 ./Core/Src/syscalls.o
                0x000000000800204e                _fstat
 .text._isatty  0x000000000800206e       0x16 ./Core/Src/syscalls.o
                0x000000000800206e                _isatty
 .text._lseek   0x0000000008002084       0x1a ./Core/Src/syscalls.o
                0x0000000008002084                _lseek
 *fill*         0x000000000800209e        0x2 
 .text._sbrk    0x00000000080020a0       0x6c ./Core/Src/sysmem.o
                0x00000000080020a0                _sbrk
 .text.SystemInit
                0x000000000800210c       0x24 ./Core/Src/system_stm32f4xx.o
                0x000000000800210c                SystemInit
 .text.Reset_Handler
                0x0000000008002130       0x50 ./Core/Startup/startup_stm32f411retx.o
                0x0000000008002130                Reset_Handler
 .text.Default_Handler
                0x0000000008002180        0x2 ./Core/Startup/startup_stm32f411retx.o
                0x0000000008002180                RTC_Alarm_IRQHandler
                0x0000000008002180                EXTI2_IRQHandler
                0x0000000008002180                SPI4_IRQHandler
                0x0000000008002180                TIM1_CC_IRQHandler
                0x0000000008002180                DMA2_Stream5_IRQHandler
                0x0000000008002180                DMA1_Stream5_IRQHandler
                0x0000000008002180                PVD_IRQHandler
                0x0000000008002180                SDIO_IRQHandler
                0x0000000008002180                TAMP_STAMP_IRQHandler
                0x0000000008002180                EXTI3_IRQHandler
                0x0000000008002180                TIM1_UP_TIM10_IRQHandler
                0x0000000008002180                I2C3_ER_IRQHandler
                0x0000000008002180                EXTI0_IRQHandler
                0x0000000008002180                I2C2_EV_IRQHandler
                0x0000000008002180                DMA1_Stream2_IRQHandler
                0x0000000008002180                FPU_IRQHandler
                0x0000000008002180                DMA2_Stream2_IRQHandler
                0x0000000008002180                SPI1_IRQHandler
                0x0000000008002180                TIM1_BRK_TIM9_IRQHandler
                0x0000000008002180                DMA2_Stream3_IRQHandler
                0x0000000008002180                USART6_IRQHandler
                0x0000000008002180                TIM4_IRQHandler
                0x0000000008002180                I2C1_EV_IRQHandler
                0x0000000008002180                DMA1_Stream6_IRQHandler
                0x0000000008002180                DMA1_Stream1_IRQHandler
                0x0000000008002180                TIM3_IRQHandler
                0x0000000008002180                RCC_IRQHandler
                0x0000000008002180                Default_Handler
                0x0000000008002180                EXTI15_10_IRQHandler
                0x0000000008002180                DMA1_Stream7_IRQHandler
                0x0000000008002180                SPI5_IRQHandler
                0x0000000008002180                TIM5_IRQHandler
                0x0000000008002180                DMA2_Stream7_IRQHandler
                0x0000000008002180                I2C3_EV_IRQHandler
                0x0000000008002180                EXTI9_5_IRQHandler
                0x0000000008002180                RTC_WKUP_IRQHandler
                0x0000000008002180                SPI2_IRQHandler
                0x0000000008002180                DMA1_Stream0_IRQHandler
                0x0000000008002180                EXTI4_IRQHandler
                0x0000000008002180                WWDG_IRQHandler
                0x0000000008002180                OTG_FS_WKUP_IRQHandler
                0x0000000008002180                TIM1_TRG_COM_TIM11_IRQHandler
                0x0000000008002180                EXTI1_IRQHandler
                0x0000000008002180                I2C2_ER_IRQHandler
                0x0000000008002180                DMA2_Stream1_IRQHandler
                0x0000000008002180                FLASH_IRQHandler
                0x0000000008002180                DMA2_Stream4_IRQHandler
                0x0000000008002180                USART1_IRQHandler
                0x0000000008002180                OTG_FS_IRQHandler
                0x0000000008002180                SPI3_IRQHandler
                0x0000000008002180                DMA1_Stream4_IRQHandler
                0x0000000008002180                I2C1_ER_IRQHandler
                0x0000000008002180                DMA2_Stream6_IRQHandler
                0x0000000008002180                DMA1_Stream3_IRQHandler
 .text.VL53L0X_GetOffsetCalibrationDataMicroMeter
                0x0000000008002182       0x26 ./Drivers/BSP/Components/vl53l0x/vl53l0x_api.o
                0x0000000008002182                VL53L0X_GetOffsetCalibrationDataMicroMeter
 .text.VL53L0X_SetDeviceAddress
                0x00000000080021a8       0x30 ./Drivers/BSP/Components/vl53l0x/vl53l0x_api.o
                0x00000000080021a8                VL53L0X_SetDeviceAddress
 .text.VL53L0X_DataInit
                0x00000000080021d8      0x2c8 ./Drivers/BSP/Components/vl53l0x/vl53l0x_api.o
                0x00000000080021d8                VL53L0X_DataInit
 .text.VL53L0X_StaticInit
                0x00000000080024a0      0x304 ./Drivers/BSP/Components/vl53l0x/vl53l0x_api.o
                0x00000000080024a0                VL53L0X_StaticInit
 .text.VL53L0X_GetDeviceParameters
                0x00000000080027a4      0x120 ./Drivers/BSP/Components/vl53l0x/vl53l0x_api.o
                0x00000000080027a4                VL53L0X_GetDeviceParameters
 .text.VL53L0X_SetDeviceMode
                0x00000000080028c4       0x58 ./Drivers/BSP/Components/vl53l0x/vl53l0x_api.o
                0x00000000080028c4                VL53L0X_SetDeviceMode
 .text.VL53L0X_GetDeviceMode
                0x000000000800291c       0x26 ./Drivers/BSP/Components/vl53l0x/vl53l0x_api.o
                0x000000000800291c                VL53L0X_GetDeviceMode
 .text.VL53L0X_GetFractionEnable
                0x0000000008002942       0x3e ./Drivers/BSP/Components/vl53l0x/vl53l0x_api.o
                0x0000000008002942                VL53L0X_GetFractionEnable
 .text.VL53L0X_SetMeasurementTimingBudgetMicroSeconds
                0x0000000008002980       0x26 ./Drivers/BSP/Components/vl53l0x/vl53l0x_api.o
                0x0000000008002980                VL53L0X_SetMeasurementTimingBudgetMicroSeconds
 .text.VL53L0X_GetMeasurementTimingBudgetMicroSeconds
                0x00000000080029a6       0x26 ./Drivers/BSP/Components/vl53l0x/vl53l0x_api.o
                0x00000000080029a6                VL53L0X_GetMeasurementTimingBudgetMicroSeconds
 .text.VL53L0X_SetVcselPulsePeriod
                0x00000000080029cc       0x30 ./Drivers/BSP/Components/vl53l0x/vl53l0x_api.o
                0x00000000080029cc                VL53L0X_SetVcselPulsePeriod
 .text.VL53L0X_GetVcselPulsePeriod
                0x00000000080029fc       0x2e ./Drivers/BSP/Components/vl53l0x/vl53l0x_api.o
                0x00000000080029fc                VL53L0X_GetVcselPulsePeriod
 *fill*         0x0000000008002a2a        0x2 
 .text.VL53L0X_SetSequenceStepEnable
                0x0000000008002a2c      0x144 ./Drivers/BSP/Components/vl53l0x/vl53l0x_api.o
                0x0000000008002a2c                VL53L0X_SetSequenceStepEnable
 .text.sequence_step_enabled
                0x0000000008002b70       0xa4 ./Drivers/BSP/Components/vl53l0x/vl53l0x_api.o
                0x0000000008002b70                sequence_step_enabled
 .text.VL53L0X_GetSequenceStepEnables
                0x0000000008002c14       0xb0 ./Drivers/BSP/Components/vl53l0x/vl53l0x_api.o
                0x0000000008002c14                VL53L0X_GetSequenceStepEnables
 .text.VL53L0X_GetInterMeasurementPeriodMilliSeconds
                0x0000000008002cc4       0x68 ./Drivers/BSP/Components/vl53l0x/vl53l0x_api.o
                0x0000000008002cc4                VL53L0X_GetInterMeasurementPeriodMilliSeconds
 .text.VL53L0X_GetXTalkCompensationEnable
                0x0000000008002d2c       0x2a ./Drivers/BSP/Components/vl53l0x/vl53l0x_api.o
                0x0000000008002d2c                VL53L0X_GetXTalkCompensationEnable
 .text.VL53L0X_GetXTalkCompensationRateMegaCps
                0x0000000008002d56       0x66 ./Drivers/BSP/Components/vl53l0x/vl53l0x_api.o
                0x0000000008002d56                VL53L0X_GetXTalkCompensationRateMegaCps
 .text.VL53L0X_SetLimitCheckEnable
                0x0000000008002dbc      0x118 ./Drivers/BSP/Components/vl53l0x/vl53l0x_api.o
                0x0000000008002dbc                VL53L0X_SetLimitCheckEnable
 .text.VL53L0X_GetLimitCheckEnable
                0x0000000008002ed4       0x46 ./Drivers/BSP/Components/vl53l0x/vl53l0x_api.o
                0x0000000008002ed4                VL53L0X_GetLimitCheckEnable
 *fill*         0x0000000008002f1a        0x2 
 .text.VL53L0X_SetLimitCheckValue
                0x0000000008002f1c       0xc4 ./Drivers/BSP/Components/vl53l0x/vl53l0x_api.o
                0x0000000008002f1c                VL53L0X_SetLimitCheckValue
 .text.VL53L0X_GetLimitCheckValue
                0x0000000008002fe0      0x11c ./Drivers/BSP/Components/vl53l0x/vl53l0x_api.o
                0x0000000008002fe0                VL53L0X_GetLimitCheckValue
 .text.VL53L0X_GetWrapAroundCheckEnable
                0x00000000080030fc       0x64 ./Drivers/BSP/Components/vl53l0x/vl53l0x_api.o
                0x00000000080030fc                VL53L0X_GetWrapAroundCheckEnable
 .text.VL53L0X_PerformSingleMeasurement
                0x0000000008003160       0x68 ./Drivers/BSP/Components/vl53l0x/vl53l0x_api.o
                0x0000000008003160                VL53L0X_PerformSingleMeasurement
 .text.VL53L0X_PerformRefCalibration
                0x00000000080031c8       0x2c ./Drivers/BSP/Components/vl53l0x/vl53l0x_api.o
                0x00000000080031c8                VL53L0X_PerformRefCalibration
 .text.VL53L0X_CheckAndLoadInterruptSettings
                0x00000000080031f4       0xcc ./Drivers/BSP/Components/vl53l0x/vl53l0x_api.o
                0x00000000080031f4                VL53L0X_CheckAndLoadInterruptSettings
 .text.VL53L0X_StartMeasurement
                0x00000000080032c0      0x184 ./Drivers/BSP/Components/vl53l0x/vl53l0x_api.o
                0x00000000080032c0                VL53L0X_StartMeasurement
 .text.VL53L0X_GetMeasurementDataReady
                0x0000000008003444       0x80 ./Drivers/BSP/Components/vl53l0x/vl53l0x_api.o
                0x0000000008003444                VL53L0X_GetMeasurementDataReady
 .text.VL53L0X_GetRangingMeasurementData
                0x00000000080034c4      0x248 ./Drivers/BSP/Components/vl53l0x/vl53l0x_api.o
                0x00000000080034c4                VL53L0X_GetRangingMeasurementData
 .text.VL53L0X_PerformSingleRangingMeasurement
                0x000000000800370c       0x60 ./Drivers/BSP/Components/vl53l0x/vl53l0x_api.o
                0x000000000800370c                VL53L0X_PerformSingleRangingMeasurement
 .text.VL53L0X_SetGpioConfig
                0x000000000800376c      0x248 ./Drivers/BSP/Components/vl53l0x/vl53l0x_api.o
                0x000000000800376c                VL53L0X_SetGpioConfig
 .text.VL53L0X_GetInterruptThresholds
                0x00000000080039b4       0x6c ./Drivers/BSP/Components/vl53l0x/vl53l0x_api.o
                0x00000000080039b4                VL53L0X_GetInterruptThresholds
 .text.VL53L0X_ClearInterruptMask
                0x0000000008003a20       0x80 ./Drivers/BSP/Components/vl53l0x/vl53l0x_api.o
                0x0000000008003a20                VL53L0X_ClearInterruptMask
 .text.VL53L0X_GetInterruptMaskStatus
                0x0000000008003aa0       0x44 ./Drivers/BSP/Components/vl53l0x/vl53l0x_api.o
                0x0000000008003aa0                VL53L0X_GetInterruptMaskStatus
 .text.VL53L0X_PerformRefSpadManagement
                0x0000000008003ae4       0x2a ./Drivers/BSP/Components/vl53l0x/vl53l0x_api.o
                0x0000000008003ae4                VL53L0X_PerformRefSpadManagement
 .text.VL53L0X_get_offset_calibration_data_micro_meter
                0x0000000008003b0e       0x7e ./Drivers/BSP/Components/vl53l0x/vl53l0x_api_calibration.o
                0x0000000008003b0e                VL53L0X_get_offset_calibration_data_micro_meter
 .text.get_next_good_spad
                0x0000000008003b8c       0xbc ./Drivers/BSP/Components/vl53l0x/vl53l0x_api_calibration.o
                0x0000000008003b8c                get_next_good_spad
 .text.is_aperture
                0x0000000008003c48       0x34 ./Drivers/BSP/Components/vl53l0x/vl53l0x_api_calibration.o
                0x0000000008003c48                is_aperture
 .text.enable_spad_bit
                0x0000000008003c7c       0x70 ./Drivers/BSP/Components/vl53l0x/vl53l0x_api_calibration.o
                0x0000000008003c7c                enable_spad_bit
 .text.set_ref_spad_map
                0x0000000008003cec       0x26 ./Drivers/BSP/Components/vl53l0x/vl53l0x_api_calibration.o
                0x0000000008003cec                set_ref_spad_map
 .text.get_ref_spad_map
                0x0000000008003d12       0x26 ./Drivers/BSP/Components/vl53l0x/vl53l0x_api_calibration.o
                0x0000000008003d12                get_ref_spad_map
 .text.enable_ref_spads
                0x0000000008003d38       0xf8 ./Drivers/BSP/Components/vl53l0x/vl53l0x_api_calibration.o
                0x0000000008003d38                enable_ref_spads
 .text.perform_ref_signal_measurement
                0x0000000008003e30       0xd4 ./Drivers/BSP/Components/vl53l0x/vl53l0x_api_calibration.o
                0x0000000008003e30                perform_ref_signal_measurement
 .text.VL53L0X_perform_ref_spad_management
                0x0000000008003f04      0x418 ./Drivers/BSP/Components/vl53l0x/vl53l0x_api_calibration.o
                0x0000000008003f04                VL53L0X_perform_ref_spad_management
 .text.VL53L0X_set_reference_spads
                0x000000000800431c      0x14a ./Drivers/BSP/Components/vl53l0x/vl53l0x_api_calibration.o
                0x000000000800431c                VL53L0X_set_reference_spads
 .text.VL53L0X_perform_single_ref_calibration
                0x0000000008004466       0x76 ./Drivers/BSP/Components/vl53l0x/vl53l0x_api_calibration.o
                0x0000000008004466                VL53L0X_perform_single_ref_calibration
 .text.VL53L0X_ref_calibration_io
                0x00000000080044dc      0x132 ./Drivers/BSP/Components/vl53l0x/vl53l0x_api_calibration.o
                0x00000000080044dc                VL53L0X_ref_calibration_io
 .text.VL53L0X_perform_vhv_calibration
                0x000000000800460e       0xce ./Drivers/BSP/Components/vl53l0x/vl53l0x_api_calibration.o
                0x000000000800460e                VL53L0X_perform_vhv_calibration
 .text.VL53L0X_perform_phase_calibration
                0x00000000080046dc       0xca ./Drivers/BSP/Components/vl53l0x/vl53l0x_api_calibration.o
                0x00000000080046dc                VL53L0X_perform_phase_calibration
 .text.VL53L0X_perform_ref_calibration
                0x00000000080047a6       0x7a ./Drivers/BSP/Components/vl53l0x/vl53l0x_api_calibration.o
                0x00000000080047a6                VL53L0X_perform_ref_calibration
 .text.VL53L0X_measurement_poll_for_completion
                0x0000000008004820       0x60 ./Drivers/BSP/Components/vl53l0x/vl53l0x_api_core.o
                0x0000000008004820                VL53L0X_measurement_poll_for_completion
 .text.VL53L0X_decode_vcsel_period
                0x0000000008004880       0x26 ./Drivers/BSP/Components/vl53l0x/vl53l0x_api_core.o
                0x0000000008004880                VL53L0X_decode_vcsel_period
 .text.VL53L0X_encode_vcsel_period
                0x00000000080048a6       0x26 ./Drivers/BSP/Components/vl53l0x/vl53l0x_api_core.o
                0x00000000080048a6                VL53L0X_encode_vcsel_period
 .text.VL53L0X_isqrt
                0x00000000080048cc       0x68 ./Drivers/BSP/Components/vl53l0x/vl53l0x_api_core.o
                0x00000000080048cc                VL53L0X_isqrt
 .text.VL53L0X_device_read_strobe
                0x0000000008004934       0x86 ./Drivers/BSP/Components/vl53l0x/vl53l0x_api_core.o
                0x0000000008004934                VL53L0X_device_read_strobe
 .text.VL53L0X_get_info_from_device
                0x00000000080049ba      0x99a ./Drivers/BSP/Components/vl53l0x/vl53l0x_api_core.o
                0x00000000080049ba                VL53L0X_get_info_from_device
 .text.VL53L0X_calc_macro_period_ps
                0x0000000008005354       0x3c ./Drivers/BSP/Components/vl53l0x/vl53l0x_api_core.o
                0x0000000008005354                VL53L0X_calc_macro_period_ps
 .text.VL53L0X_encode_timeout
                0x0000000008005390       0x58 ./Drivers/BSP/Components/vl53l0x/vl53l0x_api_core.o
                0x0000000008005390                VL53L0X_encode_timeout
 .text.VL53L0X_decode_timeout
                0x00000000080053e8       0x2c ./Drivers/BSP/Components/vl53l0x/vl53l0x_api_core.o
                0x00000000080053e8                VL53L0X_decode_timeout
 .text.VL53L0X_calc_timeout_mclks
                0x0000000008005414       0x54 ./Drivers/BSP/Components/vl53l0x/vl53l0x_api_core.o
                0x0000000008005414                VL53L0X_calc_timeout_mclks
 .text.VL53L0X_calc_timeout_us
                0x0000000008005468       0x54 ./Drivers/BSP/Components/vl53l0x/vl53l0x_api_core.o
                0x0000000008005468                VL53L0X_calc_timeout_us
 .text.get_sequence_step_timeout
                0x00000000080054bc      0x1c2 ./Drivers/BSP/Components/vl53l0x/vl53l0x_api_core.o
                0x00000000080054bc                get_sequence_step_timeout
 .text.set_sequence_step_timeout
                0x000000000800567e      0x1e4 ./Drivers/BSP/Components/vl53l0x/vl53l0x_api_core.o
                0x000000000800567e                set_sequence_step_timeout
 .text.VL53L0X_set_vcsel_pulse_period
                0x0000000008005862      0x512 ./Drivers/BSP/Components/vl53l0x/vl53l0x_api_core.o
                0x0000000008005862                VL53L0X_set_vcsel_pulse_period
 .text.VL53L0X_get_vcsel_pulse_period
                0x0000000008005d74       0x6e ./Drivers/BSP/Components/vl53l0x/vl53l0x_api_core.o
                0x0000000008005d74                VL53L0X_get_vcsel_pulse_period
 .text.VL53L0X_set_measurement_timing_budget_micro_seconds
                0x0000000008005de2      0x1c0 ./Drivers/BSP/Components/vl53l0x/vl53l0x_api_core.o
                0x0000000008005de2                VL53L0X_set_measurement_timing_budget_micro_seconds
 .text.VL53L0X_get_measurement_timing_budget_micro_seconds
                0x0000000008005fa2      0x162 ./Drivers/BSP/Components/vl53l0x/vl53l0x_api_core.o
                0x0000000008005fa2                VL53L0X_get_measurement_timing_budget_micro_seconds
 .text.VL53L0X_load_tuning_settings
                0x0000000008006104      0x1c4 ./Drivers/BSP/Components/vl53l0x/vl53l0x_api_core.o
                0x0000000008006104                VL53L0X_load_tuning_settings
 .text.VL53L0X_get_total_xtalk_rate
                0x00000000080062c8       0x5e ./Drivers/BSP/Components/vl53l0x/vl53l0x_api_core.o
                0x00000000080062c8                VL53L0X_get_total_xtalk_rate
 .text.VL53L0X_get_total_signal_rate
                0x0000000008006326       0x4a ./Drivers/BSP/Components/vl53l0x/vl53l0x_api_core.o
                0x0000000008006326                VL53L0X_get_total_signal_rate
 .text.VL53L0X_calc_dmax
                0x0000000008006370      0x238 ./Drivers/BSP/Components/vl53l0x/vl53l0x_api_core.o
                0x0000000008006370                VL53L0X_calc_dmax
 .text.VL53L0X_calc_sigma_estimate
                0x00000000080065a8      0x498 ./Drivers/BSP/Components/vl53l0x/vl53l0x_api_core.o
                0x00000000080065a8                VL53L0X_calc_sigma_estimate
 .text.VL53L0X_get_pal_range_status
                0x0000000008006a40      0x3b6 ./Drivers/BSP/Components/vl53l0x/vl53l0x_api_core.o
                0x0000000008006a40                VL53L0X_get_pal_range_status
 .text._I2CWrite
                0x0000000008006df6       0x3e ./Drivers/BSP/NUCLEO-F411RE/vl53l0x_platform.o
                0x0000000008006df6                _I2CWrite
 .text._I2CRead
                0x0000000008006e34       0x44 ./Drivers/BSP/NUCLEO-F411RE/vl53l0x_platform.o
                0x0000000008006e34                _I2CRead
 .text.VL53L0X_WriteMulti
                0x0000000008006e78       0x60 ./Drivers/BSP/NUCLEO-F411RE/vl53l0x_platform.o
                0x0000000008006e78                VL53L0X_WriteMulti
 .text.VL53L0X_ReadMulti
                0x0000000008006ed8       0x56 ./Drivers/BSP/NUCLEO-F411RE/vl53l0x_platform.o
                0x0000000008006ed8                VL53L0X_ReadMulti
 *fill*         0x0000000008006f2e        0x2 
 .text.VL53L0X_WrByte
                0x0000000008006f30       0x48 ./Drivers/BSP/NUCLEO-F411RE/vl53l0x_platform.o
                0x0000000008006f30                VL53L0X_WrByte
 .text.VL53L0X_WrWord
                0x0000000008006f78       0x54 ./Drivers/BSP/NUCLEO-F411RE/vl53l0x_platform.o
                0x0000000008006f78                VL53L0X_WrWord
 .text.VL53L0X_UpdateByte
                0x0000000008006fcc       0x68 ./Drivers/BSP/NUCLEO-F411RE/vl53l0x_platform.o
                0x0000000008006fcc                VL53L0X_UpdateByte
 .text.VL53L0X_RdByte
                0x0000000008007034       0x54 ./Drivers/BSP/NUCLEO-F411RE/vl53l0x_platform.o
                0x0000000008007034                VL53L0X_RdByte
 .text.VL53L0X_RdWord
                0x0000000008007088       0x70 ./Drivers/BSP/NUCLEO-F411RE/vl53l0x_platform.o
                0x0000000008007088                VL53L0X_RdWord
 .text.VL53L0X_RdDWord
                0x00000000080070f8       0x78 ./Drivers/BSP/NUCLEO-F411RE/vl53l0x_platform.o
                0x00000000080070f8                VL53L0X_RdDWord
 .text.VL53L0X_PollingDelay
                0x0000000008007170       0x1e ./Drivers/BSP/NUCLEO-F411RE/vl53l0x_platform.o
                0x0000000008007170                VL53L0X_PollingDelay
 *fill*         0x000000000800718e        0x2 
 .text.HandleError
                0x0000000008007190       0x28 ./Drivers/BSP/NUCLEO-F411RE/vl53l0x_platform.o
                0x0000000008007190                HandleError
 .text.VL53L0X_ResetId
                0x00000000080071b8       0x40 ./Drivers/BSP/NUCLEO-F411RE/vl53l0x_platform.o
                0x00000000080071b8                VL53L0X_ResetId
 .text.F411_SetDisplayString
                0x00000000080071f8       0x30 ./Drivers/BSP/NUCLEO-F411RE/vl53l0x_platform.o
                0x00000000080071f8                F411_SetDisplayString
 .text.DetectSensors
                0x0000000008007228      0x148 ./Drivers/BSP/NUCLEO-F411RE/vl53l0x_platform.o
                0x0000000008007228                DetectSensors
 .text.SetupSingleShot
                0x0000000008007370      0x238 ./Drivers/BSP/NUCLEO-F411RE/vl53l0x_platform.o
                0x0000000008007370                SetupSingleShot
 .text.ResetAndDetectSensor
                0x00000000080075a8       0x3c ./Drivers/BSP/NUCLEO-F411RE/vl53l0x_platform.o
                0x00000000080075a8                ResetAndDetectSensor
 .text.HAL_Init
                0x00000000080075e4       0x44 ./Drivers/STM32F4xx_HAL_Driver/Src/stm32f4xx_hal.o
                0x00000000080075e4                HAL_Init
 .text.HAL_InitTick
                0x0000000008007628       0x60 ./Drivers/STM32F4xx_HAL_Driver/Src/stm32f4xx_hal.o
                0x0000000008007628                HAL_InitTick
 .text.HAL_IncTick
                0x0000000008007688       0x28 ./Drivers/STM32F4xx_HAL_Driver/Src/stm32f4xx_hal.o
                0x0000000008007688                HAL_IncTick
 .text.HAL_GetTick
                0x00000000080076b0       0x18 ./Drivers/STM32F4xx_HAL_Driver/Src/stm32f4xx_hal.o
                0x00000000080076b0                HAL_GetTick
 .text.HAL_Delay
                0x00000000080076c8       0x48 ./Drivers/STM32F4xx_HAL_Driver/Src/stm32f4xx_hal.o
                0x00000000080076c8                HAL_Delay
 .text.HAL_ADC_Init
                0x0000000008007710       0x86 ./Drivers/STM32F4xx_HAL_Driver/Src/stm32f4xx_hal_adc.o
                0x0000000008007710                HAL_ADC_Init
 *fill*         0x0000000008007796        0x2 
 .text.HAL_ADC_Start
                0x0000000008007798      0x168 ./Drivers/STM32F4xx_HAL_Driver/Src/stm32f4xx_hal_adc.o
                0x0000000008007798                HAL_ADC_Start
 .text.HAL_ADC_PollForConversion
                0x0000000008007900      0x116 ./Drivers/STM32F4xx_HAL_Driver/Src/stm32f4xx_hal_adc.o
                0x0000000008007900                HAL_ADC_PollForConversion
 .text.HAL_ADC_IRQHandler
                0x0000000008007a16      0x220 ./Drivers/STM32F4xx_HAL_Driver/Src/stm32f4xx_hal_adc.o
                0x0000000008007a16                HAL_ADC_IRQHandler
 .text.HAL_ADC_GetValue
                0x0000000008007c36       0x1a ./Drivers/STM32F4xx_HAL_Driver/Src/stm32f4xx_hal_adc.o
                0x0000000008007c36                HAL_ADC_GetValue
 .text.HAL_ADC_LevelOutOfWindowCallback
                0x0000000008007c50       0x14 ./Drivers/STM32F4xx_HAL_Driver/Src/stm32f4xx_hal_adc.o
                0x0000000008007c50                HAL_ADC_LevelOutOfWindowCallback
 .text.HAL_ADC_ErrorCallback
                0x0000000008007c64       0x14 ./Drivers/STM32F4xx_HAL_Driver/Src/stm32f4xx_hal_adc.o
                0x0000000008007c64                HAL_ADC_ErrorCallback
 .text.HAL_ADC_ConfigChannel
                0x0000000008007c78      0x264 ./Drivers/STM32F4xx_HAL_Driver/Src/stm32f4xx_hal_adc.o
                0x0000000008007c78                HAL_ADC_ConfigChannel
 .text.ADC_Init
                0x0000000008007edc      0x1f8 ./Drivers/STM32F4xx_HAL_Driver/Src/stm32f4xx_hal_adc.o
 .text.HAL_ADCEx_InjectedConvCpltCallback
                0x00000000080080d4       0x14 ./Drivers/STM32F4xx_HAL_Driver/Src/stm32f4xx_hal_adc_ex.o
                0x00000000080080d4                HAL_ADCEx_InjectedConvCpltCallback
 .text.__NVIC_SetPriorityGrouping
                0x00000000080080e8       0x48 ./Drivers/STM32F4xx_HAL_Driver/Src/stm32f4xx_hal_cortex.o
 .text.__NVIC_GetPriorityGrouping
                0x0000000008008130       0x1c ./Drivers/STM32F4xx_HAL_Driver/Src/stm32f4xx_hal_cortex.o
 .text.__NVIC_EnableIRQ
                0x000000000800814c       0x3c ./Drivers/STM32F4xx_HAL_Driver/Src/stm32f4xx_hal_cortex.o
 .text.__NVIC_SetPriority
                0x0000000008008188       0x54 ./Drivers/STM32F4xx_HAL_Driver/Src/stm32f4xx_hal_cortex.o
 .text.NVIC_EncodePriority
                0x00000000080081dc       0x66 ./Drivers/STM32F4xx_HAL_Driver/Src/stm32f4xx_hal_cortex.o
 *fill*         0x0000000008008242        0x2 
 .text.SysTick_Config
                0x0000000008008244       0x44 ./Drivers/STM32F4xx_HAL_Driver/Src/stm32f4xx_hal_cortex.o
 .text.HAL_NVIC_SetPriorityGrouping
                0x0000000008008288       0x16 ./Drivers/STM32F4xx_HAL_Driver/Src/stm32f4xx_hal_cortex.o
                0x0000000008008288                HAL_NVIC_SetPriorityGrouping
 .text.HAL_NVIC_SetPriority
                0x000000000800829e       0x38 ./Drivers/STM32F4xx_HAL_Driver/Src/stm32f4xx_hal_cortex.o
                0x000000000800829e                HAL_NVIC_SetPriority
 .text.HAL_NVIC_EnableIRQ
                0x00000000080082d6       0x1c ./Drivers/STM32F4xx_HAL_Driver/Src/stm32f4xx_hal_cortex.o
                0x00000000080082d6                HAL_NVIC_EnableIRQ
 .text.HAL_SYSTICK_Config
                0x00000000080082f2       0x18 ./Drivers/STM32F4xx_HAL_Driver/Src/stm32f4xx_hal_cortex.o
                0x00000000080082f2                HAL_SYSTICK_Config
 *fill*         0x000000000800830a        0x2 
 .text.HAL_DMA_Init
                0x000000000800830c      0x15c ./Drivers/STM32F4xx_HAL_Driver/Src/stm32f4xx_hal_dma.o
                0x000000000800830c                HAL_DMA_Init
 .text.HAL_DMA_Abort
                0x0000000008008468       0xe0 ./Drivers/STM32F4xx_HAL_Driver/Src/stm32f4xx_hal_dma.o
                0x0000000008008468                HAL_DMA_Abort
 .text.HAL_DMA_Abort_IT
                0x0000000008008548       0x44 ./Drivers/STM32F4xx_HAL_Driver/Src/stm32f4xx_hal_dma.o
                0x0000000008008548                HAL_DMA_Abort_IT
 .text.HAL_DMA_IRQHandler
                0x000000000800858c      0x314 ./Drivers/STM32F4xx_HAL_Driver/Src/stm32f4xx_hal_dma.o
                0x000000000800858c                HAL_DMA_IRQHandler
 .text.DMA_CalcBaseAndBitshift
                0x00000000080088a0       0x6c ./Drivers/STM32F4xx_HAL_Driver/Src/stm32f4xx_hal_dma.o
 .text.DMA_CheckFifoParam
                0x000000000800890c       0xf8 ./Drivers/STM32F4xx_HAL_Driver/Src/stm32f4xx_hal_dma.o
 .text.HAL_GPIO_Init
                0x0000000008008a04      0x308 ./Drivers/STM32F4xx_HAL_Driver/Src/stm32f4xx_hal_gpio.o
                0x0000000008008a04                HAL_GPIO_Init
 .text.HAL_GPIO_WritePin
                0x0000000008008d0c       0x32 ./Drivers/STM32F4xx_HAL_Driver/Src/stm32f4xx_hal_gpio.o
                0x0000000008008d0c                HAL_GPIO_WritePin
 *fill*         0x0000000008008d3e        0x2 
 .text.HAL_I2C_Init
                0x0000000008008d40      0x288 ./Drivers/STM32F4xx_HAL_Driver/Src/stm32f4xx_hal_i2c.o
                0x0000000008008d40                HAL_I2C_Init
 .text.HAL_I2C_Master_Transmit
                0x0000000008008fc8      0x1fc ./Drivers/STM32F4xx_HAL_Driver/Src/stm32f4xx_hal_i2c.o
                0x0000000008008fc8                HAL_I2C_Master_Transmit
 .text.HAL_I2C_Master_Receive
                0x00000000080091c4      0x44c ./Drivers/STM32F4xx_HAL_Driver/Src/stm32f4xx_hal_i2c.o
                0x00000000080091c4                HAL_I2C_Master_Receive
 .text.I2C_MasterRequestWrite
                0x0000000008009610      0x104 ./Drivers/STM32F4xx_HAL_Driver/Src/stm32f4xx_hal_i2c.o
 .text.I2C_MasterRequestRead
                0x0000000008009714      0x19c ./Drivers/STM32F4xx_HAL_Driver/Src/stm32f4xx_hal_i2c.o
 .text.I2C_WaitOnFlagUntilTimeout
                0x00000000080098b0       0xae ./Drivers/STM32F4xx_HAL_Driver/Src/stm32f4xx_hal_i2c.o
 .text.I2C_WaitOnMasterAddressFlagUntilTimeout
                0x000000000800995e       0xfe ./Drivers/STM32F4xx_HAL_Driver/Src/stm32f4xx_hal_i2c.o
 .text.I2C_WaitOnTXEFlagUntilTimeout
                0x0000000008009a5c       0x82 ./Drivers/STM32F4xx_HAL_Driver/Src/stm32f4xx_hal_i2c.o
 .text.I2C_WaitOnBTFFlagUntilTimeout
                0x0000000008009ade       0x82 ./Drivers/STM32F4xx_HAL_Driver/Src/stm32f4xx_hal_i2c.o
 .text.I2C_WaitOnRXNEFlagUntilTimeout
                0x0000000008009b60       0xac ./Drivers/STM32F4xx_HAL_Driver/Src/stm32f4xx_hal_i2c.o
 .text.I2C_IsAcknowledgeFailed
                0x0000000008009c0c       0x5e ./Drivers/STM32F4xx_HAL_Driver/Src/stm32f4xx_hal_i2c.o
 *fill*         0x0000000008009c6a        0x2 
 .text.HAL_RCC_OscConfig
                0x0000000008009c6c      0x4f0 ./Drivers/STM32F4xx_HAL_Driver/Src/stm32f4xx_hal_rcc.o
                0x0000000008009c6c                HAL_RCC_OscConfig
 .text.HAL_RCC_ClockConfig
                0x000000000800a15c      0x1cc ./Drivers/STM32F4xx_HAL_Driver/Src/stm32f4xx_hal_rcc.o
                0x000000000800a15c                HAL_RCC_ClockConfig
 .text.HAL_RCC_GetSysClockFreq
                0x000000000800a328      0x20c ./Drivers/STM32F4xx_HAL_Driver/Src/stm32f4xx_hal_rcc.o
                0x000000000800a328                HAL_RCC_GetSysClockFreq
 .text.HAL_RCC_GetHCLKFreq
                0x000000000800a534       0x18 ./Drivers/STM32F4xx_HAL_Driver/Src/stm32f4xx_hal_rcc.o
                0x000000000800a534                HAL_RCC_GetHCLKFreq
 .text.HAL_RCC_GetPCLK1Freq
                0x000000000800a54c       0x28 ./Drivers/STM32F4xx_HAL_Driver/Src/stm32f4xx_hal_rcc.o
                0x000000000800a54c                HAL_RCC_GetPCLK1Freq
 .text.HAL_RCC_GetPCLK2Freq
                0x000000000800a574       0x28 ./Drivers/STM32F4xx_HAL_Driver/Src/stm32f4xx_hal_rcc.o
                0x000000000800a574                HAL_RCC_GetPCLK2Freq
 .text.HAL_TIM_Base_Init
                0x000000000800a59c       0x9e ./Drivers/STM32F4xx_HAL_Driver/Src/stm32f4xx_hal_tim.o
                0x000000000800a59c                HAL_TIM_Base_Init
 .text.HAL_TIM_PWM_Init
                0x000000000800a63a       0x9e ./Drivers/STM32F4xx_HAL_Driver/Src/stm32f4xx_hal_tim.o
                0x000000000800a63a                HAL_TIM_PWM_Init
 .text.HAL_TIM_PWM_MspInit
                0x000000000800a6d8       0x14 ./Drivers/STM32F4xx_HAL_Driver/Src/stm32f4xx_hal_tim.o
                0x000000000800a6d8                HAL_TIM_PWM_MspInit
 .text.HAL_TIM_PWM_Start
                0x000000000800a6ec      0x160 ./Drivers/STM32F4xx_HAL_Driver/Src/stm32f4xx_hal_tim.o
                0x000000000800a6ec                HAL_TIM_PWM_Start
 .text.HAL_TIM_PWM_Stop
                0x000000000800a84c       0xc8 ./Drivers/STM32F4xx_HAL_Driver/Src/stm32f4xx_hal_tim.o
                0x000000000800a84c                HAL_TIM_PWM_Stop
 .text.HAL_TIM_IRQHandler
                0x000000000800a914      0x210 ./Drivers/STM32F4xx_HAL_Driver/Src/stm32f4xx_hal_tim.o
                0x000000000800a914                HAL_TIM_IRQHandler
 .text.HAL_TIM_PWM_ConfigChannel
                0x000000000800ab24      0x184 ./Drivers/STM32F4xx_HAL_Driver/Src/stm32f4xx_hal_tim.o
                0x000000000800ab24                HAL_TIM_PWM_ConfigChannel
 .text.HAL_TIM_ConfigClockSource
                0x000000000800aca8      0x18e ./Drivers/STM32F4xx_HAL_Driver/Src/stm32f4xx_hal_tim.o
                0x000000000800aca8                HAL_TIM_ConfigClockSource
 .text.HAL_TIM_OC_DelayElapsedCallback
                0x000000000800ae36       0x14 ./Drivers/STM32F4xx_HAL_Driver/Src/stm32f4xx_hal_tim.o
                0x000000000800ae36                HAL_TIM_OC_DelayElapsedCallback
 .text.HAL_TIM_IC_CaptureCallback
                0x000000000800ae4a       0x14 ./Drivers/STM32F4xx_HAL_Driver/Src/stm32f4xx_hal_tim.o
                0x000000000800ae4a                HAL_TIM_IC_CaptureCallback
 .text.HAL_TIM_PWM_PulseFinishedCallback
                0x000000000800ae5e       0x14 ./Drivers/STM32F4xx_HAL_Driver/Src/stm32f4xx_hal_tim.o
                0x000000000800ae5e                HAL_TIM_PWM_PulseFinishedCallback
 .text.HAL_TIM_TriggerCallback
                0x000000000800ae72       0x14 ./Drivers/STM32F4xx_HAL_Driver/Src/stm32f4xx_hal_tim.o
                0x000000000800ae72                HAL_TIM_TriggerCallback
 *fill*         0x000000000800ae86        0x2 
 .text.TIM_Base_SetConfig
                0x000000000800ae88      0x100 ./Drivers/STM32F4xx_HAL_Driver/Src/stm32f4xx_hal_tim.o
                0x000000000800ae88                TIM_Base_SetConfig
 .text.TIM_OC1_SetConfig
                0x000000000800af88       0xcc ./Drivers/STM32F4xx_HAL_Driver/Src/stm32f4xx_hal_tim.o
 .text.TIM_OC2_SetConfig
                0x000000000800b054       0xd8 ./Drivers/STM32F4xx_HAL_Driver/Src/stm32f4xx_hal_tim.o
                0x000000000800b054                TIM_OC2_SetConfig
 .text.TIM_OC3_SetConfig
                0x000000000800b12c       0xd4 ./Drivers/STM32F4xx_HAL_Driver/Src/stm32f4xx_hal_tim.o
 .text.TIM_OC4_SetConfig
                0x000000000800b200       0xa0 ./Drivers/STM32F4xx_HAL_Driver/Src/stm32f4xx_hal_tim.o
 .text.TIM_TI1_ConfigInputStage
                0x000000000800b2a0       0x5e ./Drivers/STM32F4xx_HAL_Driver/Src/stm32f4xx_hal_tim.o
 .text.TIM_TI2_ConfigInputStage
                0x000000000800b2fe       0x60 ./Drivers/STM32F4xx_HAL_Driver/Src/stm32f4xx_hal_tim.o
 .text.TIM_ITRx_SetConfig
                0x000000000800b35e       0x36 ./Drivers/STM32F4xx_HAL_Driver/Src/stm32f4xx_hal_tim.o
 .text.TIM_ETR_SetConfig
                0x000000000800b394       0x40 ./Drivers/STM32F4xx_HAL_Driver/Src/stm32f4xx_hal_tim.o
                0x000000000800b394                TIM_ETR_SetConfig
 .text.TIM_CCxChannelCmd
                0x000000000800b3d4       0x4a ./Drivers/STM32F4xx_HAL_Driver/Src/stm32f4xx_hal_tim.o
                0x000000000800b3d4                TIM_CCxChannelCmd
 *fill*         0x000000000800b41e        0x2 
 .text.HAL_TIMEx_MasterConfigSynchronization
                0x000000000800b420       0xdc ./Drivers/STM32F4xx_HAL_Driver/Src/stm32f4xx_hal_tim_ex.o
                0x000000000800b420                HAL_TIMEx_MasterConfigSynchronization
 .text.HAL_TIMEx_ConfigBreakDeadTime
                0x000000000800b4fc       0xa4 ./Drivers/STM32F4xx_HAL_Driver/Src/stm32f4xx_hal_tim_ex.o
                0x000000000800b4fc                HAL_TIMEx_ConfigBreakDeadTime
 .text.HAL_TIMEx_CommutCallback
                0x000000000800b5a0       0x14 ./Drivers/STM32F4xx_HAL_Driver/Src/stm32f4xx_hal_tim_ex.o
                0x000000000800b5a0                HAL_TIMEx_CommutCallback
 .text.HAL_TIMEx_BreakCallback
                0x000000000800b5b4       0x14 ./Drivers/STM32F4xx_HAL_Driver/Src/stm32f4xx_hal_tim_ex.o
                0x000000000800b5b4                HAL_TIMEx_BreakCallback
 .text.HAL_UART_Init
                0x000000000800b5c8       0x9a ./Drivers/STM32F4xx_HAL_Driver/Src/stm32f4xx_hal_uart.o
                0x000000000800b5c8                HAL_UART_Init
 .text.HAL_UART_Transmit
                0x000000000800b662      0x124 ./Drivers/STM32F4xx_HAL_Driver/Src/stm32f4xx_hal_uart.o
                0x000000000800b662                HAL_UART_Transmit
 .text.HAL_UART_Receive_IT
                0x000000000800b786       0x60 ./Drivers/STM32F4xx_HAL_Driver/Src/stm32f4xx_hal_uart.o
                0x000000000800b786                HAL_UART_Receive_IT
 *fill*         0x000000000800b7e6        0x2 
 .text.HAL_UART_IRQHandler
                0x000000000800b7e8      0x51c ./Drivers/STM32F4xx_HAL_Driver/Src/stm32f4xx_hal_uart.o
                0x000000000800b7e8                HAL_UART_IRQHandler
 .text.HAL_UART_TxCpltCallback
                0x000000000800bd04       0x14 ./Drivers/STM32F4xx_HAL_Driver/Src/stm32f4xx_hal_uart.o
                0x000000000800bd04                HAL_UART_TxCpltCallback
 .text.HAL_UART_ErrorCallback
                0x000000000800bd18       0x14 ./Drivers/STM32F4xx_HAL_Driver/Src/stm32f4xx_hal_uart.o
                0x000000000800bd18                HAL_UART_ErrorCallback
 .text.HAL_UARTEx_RxEventCallback
                0x000000000800bd2c       0x18 ./Drivers/STM32F4xx_HAL_Driver/Src/stm32f4xx_hal_uart.o
                0x000000000800bd2c                HAL_UARTEx_RxEventCallback
 .text.UART_WaitOnFlagUntilTimeout
                0x000000000800bd44       0xdc ./Drivers/STM32F4xx_HAL_Driver/Src/stm32f4xx_hal_uart.o
 .text.UART_Start_Receive_IT
                0x000000000800be20       0x7c ./Drivers/STM32F4xx_HAL_Driver/Src/stm32f4xx_hal_uart.o
                0x000000000800be20                UART_Start_Receive_IT
 .text.UART_EndRxTransfer
                0x000000000800be9c       0xc6 ./Drivers/STM32F4xx_HAL_Driver/Src/stm32f4xx_hal_uart.o
 .text.UART_DMAAbortOnError
                0x000000000800bf62       0x28 ./Drivers/STM32F4xx_HAL_Driver/Src/stm32f4xx_hal_uart.o
 .text.UART_Transmit_IT
                0x000000000800bf8a       0xa0 ./Drivers/STM32F4xx_HAL_Driver/Src/stm32f4xx_hal_uart.o
 .text.UART_EndTransmit_IT
                0x000000000800c02a       0x30 ./Drivers/STM32F4xx_HAL_Driver/Src/stm32f4xx_hal_uart.o
 .text.UART_Receive_IT
                0x000000000800c05a      0x176 ./Drivers/STM32F4xx_HAL_Driver/Src/stm32f4xx_hal_uart.o
 .text.UART_SetConfig
                0x000000000800c1d0      0x4e8 ./Drivers/STM32F4xx_HAL_Driver/Src/stm32f4xx_hal_uart.o
 .text.__errno  0x000000000800c6b8        0xc c:/st/stm32cubeide_1.11.2/stm32cubeide/plugins/com.st.stm32cube.ide.mcu.externaltools.gnu-tools-for-stm32.10.3-2021.10.win32_1.0.100.202210260954/tools/bin/../lib/gcc/arm-none-eabi/10.3.1/../../../../arm-none-eabi/lib/thumb/v7e-m+fp/hard\libc_nano.a(lib_a-errno.o)
                0x000000000800c6b8                __errno
 .text.__libc_init_array
                0x000000000800c6c4       0x48 c:/st/stm32cubeide_1.11.2/stm32cubeide/plugins/com.st.stm32cube.ide.mcu.externaltools.gnu-tools-for-stm32.10.3-2021.10.win32_1.0.100.202210260954/tools/bin/../lib/gcc/arm-none-eabi/10.3.1/../../../../arm-none-eabi/lib/thumb/v7e-m+fp/hard\libc_nano.a(lib_a-init.o)
                0x000000000800c6c4                __libc_init_array
 .text.memcpy   0x000000000800c70c       0x1c c:/st/stm32cubeide_1.11.2/stm32cubeide/plugins/com.st.stm32cube.ide.mcu.externaltools.gnu-tools-for-stm32.10.3-2021.10.win32_1.0.100.202210260954/tools/bin/../lib/gcc/arm-none-eabi/10.3.1/../../../../arm-none-eabi/lib/thumb/v7e-m+fp/hard\libc_nano.a(lib_a-memcpy-stub.o)
                0x000000000800c70c                memcpy
 .text.memset   0x000000000800c728       0x10 c:/st/stm32cubeide_1.11.2/stm32cubeide/plugins/com.st.stm32cube.ide.mcu.externaltools.gnu-tools-for-stm32.10.3-2021.10.win32_1.0.100.202210260954/tools/bin/../lib/gcc/arm-none-eabi/10.3.1/../../../../arm-none-eabi/lib/thumb/v7e-m+fp/hard\libc_nano.a(lib_a-memset.o)
                0x000000000800c728                memset
 .text.__cvt    0x000000000800c738       0xc4 c:/st/stm32cubeide_1.11.2/stm32cubeide/plugins/com.st.stm32cube.ide.mcu.externaltools.gnu-tools-for-stm32.10.3-2021.10.win32_1.0.100.202210260954/tools/bin/../lib/gcc/arm-none-eabi/10.3.1/../../../../arm-none-eabi/lib/thumb/v7e-m+fp/hard\libc_nano.a(lib_a-nano-vfprintf_float.o)
                0x000000000800c738                __cvt
 .text.__exponent
                0x000000000800c7fc       0x7c c:/st/stm32cubeide_1.11.2/stm32cubeide/plugins/com.st.stm32cube.ide.mcu.externaltools.gnu-tools-for-stm32.10.3-2021.10.win32_1.0.100.202210260954/tools/bin/../lib/gcc/arm-none-eabi/10.3.1/../../../../arm-none-eabi/lib/thumb/v7e-m+fp/hard\libc_nano.a(lib_a-nano-vfprintf_float.o)
                0x000000000800c7fc                __exponent
 .text._printf_float
                0x000000000800c878      0x46c c:/st/stm32cubeide_1.11.2/stm32cubeide/plugins/com.st.stm32cube.ide.mcu.externaltools.gnu-tools-for-stm32.10.3-2021.10.win32_1.0.100.202210260954/tools/bin/../lib/gcc/arm-none-eabi/10.3.1/../../../../arm-none-eabi/lib/thumb/v7e-m+fp/hard\libc_nano.a(lib_a-nano-vfprintf_float.o)
                0x000000000800c878                _printf_float
 .text._printf_common
                0x000000000800cce4       0xda c:/st/stm32cubeide_1.11.2/stm32cubeide/plugins/com.st.stm32cube.ide.mcu.externaltools.gnu-tools-for-stm32.10.3-2021.10.win32_1.0.100.202210260954/tools/bin/../lib/gcc/arm-none-eabi/10.3.1/../../../../arm-none-eabi/lib/thumb/v7e-m+fp/hard\libc_nano.a(lib_a-nano-vfprintf_i.o)
                0x000000000800cce4                _printf_common
 *fill*         0x000000000800cdbe        0x2 
 .text._printf_i
                0x000000000800cdc0      0x24c c:/st/stm32cubeide_1.11.2/stm32cubeide/plugins/com.st.stm32cube.ide.mcu.externaltools.gnu-tools-for-stm32.10.3-2021.10.win32_1.0.100.202210260954/tools/bin/../lib/gcc/arm-none-eabi/10.3.1/../../../../arm-none-eabi/lib/thumb/v7e-m+fp/hard\libc_nano.a(lib_a-nano-vfprintf_i.o)
                0x000000000800cdc0                _printf_i
 .text.sprintf  0x000000000800d00c       0x40 c:/st/stm32cubeide_1.11.2/stm32cubeide/plugins/com.st.stm32cube.ide.mcu.externaltools.gnu-tools-for-stm32.10.3-2021.10.win32_1.0.100.202210260954/tools/bin/../lib/gcc/arm-none-eabi/10.3.1/../../../../arm-none-eabi/lib/thumb/v7e-m+fp/hard\libc_nano.a(lib_a-sprintf.o)
                0x000000000800d00c                siprintf
                0x000000000800d00c                sprintf
 .text.strcpy   0x000000000800d04c       0x10 c:/st/stm32cubeide_1.11.2/stm32cubeide/plugins/com.st.stm32cube.ide.mcu.externaltools.gnu-tools-for-stm32.10.3-2021.10.win32_1.0.100.202210260954/tools/bin/../lib/gcc/arm-none-eabi/10.3.1/../../../../arm-none-eabi/lib/thumb/v7e-m+fp/hard\libc_nano.a(lib_a-strcpy.o)
                0x000000000800d04c                strcpy
 .text.quorem   0x000000000800d05c      0x116 c:/st/stm32cubeide_1.11.2/stm32cubeide/plugins/com.st.stm32cube.ide.mcu.externaltools.gnu-tools-for-stm32.10.3-2021.10.win32_1.0.100.202210260954/tools/bin/../lib/gcc/arm-none-eabi/10.3.1/../../../../arm-none-eabi/lib/thumb/v7e-m+fp/hard\libc_nano.a(lib_a-dtoa.o)
 *fill*         0x000000000800d172        0x6 
 .text._dtoa_r  0x000000000800d178      0xbdc c:/st/stm32cubeide_1.11.2/stm32cubeide/plugins/com.st.stm32cube.ide.mcu.externaltools.gnu-tools-for-stm32.10.3-2021.10.win32_1.0.100.202210260954/tools/bin/../lib/gcc/arm-none-eabi/10.3.1/../../../../arm-none-eabi/lib/thumb/v7e-m+fp/hard\libc_nano.a(lib_a-dtoa.o)
                0x000000000800d178                _dtoa_r
 .text._localeconv_r
                0x000000000800dd54        0x8 c:/st/stm32cubeide_1.11.2/stm32cubeide/plugins/com.st.stm32cube.ide.mcu.externaltools.gnu-tools-for-stm32.10.3-2021.10.win32_1.0.100.202210260954/tools/bin/../lib/gcc/arm-none-eabi/10.3.1/../../../../arm-none-eabi/lib/thumb/v7e-m+fp/hard\libc_nano.a(lib_a-localeconv.o)
                0x000000000800dd54                _localeconv_r
 .text.malloc   0x000000000800dd5c       0x10 c:/st/stm32cubeide_1.11.2/stm32cubeide/plugins/com.st.stm32cube.ide.mcu.externaltools.gnu-tools-for-stm32.10.3-2021.10.win32_1.0.100.202210260954/tools/bin/../lib/gcc/arm-none-eabi/10.3.1/../../../../arm-none-eabi/lib/thumb/v7e-m+fp/hard\libc_nano.a(lib_a-malloc.o)
                0x000000000800dd5c                malloc
 .text._Balloc  0x000000000800dd6c       0x80 c:/st/stm32cubeide_1.11.2/stm32cubeide/plugins/com.st.stm32cube.ide.mcu.externaltools.gnu-tools-for-stm32.10.3-2021.10.win32_1.0.100.202210260954/tools/bin/../lib/gcc/arm-none-eabi/10.3.1/../../../../arm-none-eabi/lib/thumb/v7e-m+fp/hard\libc_nano.a(lib_a-mprec.o)
                0x000000000800dd6c                _Balloc
 .text._Bfree   0x000000000800ddec       0x44 c:/st/stm32cubeide_1.11.2/stm32cubeide/plugins/com.st.stm32cube.ide.mcu.externaltools.gnu-tools-for-stm32.10.3-2021.10.win32_1.0.100.202210260954/tools/bin/../lib/gcc/arm-none-eabi/10.3.1/../../../../arm-none-eabi/lib/thumb/v7e-m+fp/hard\libc_nano.a(lib_a-mprec.o)
                0x000000000800ddec                _Bfree
 .text.__multadd
                0x000000000800de30       0x8c c:/st/stm32cubeide_1.11.2/stm32cubeide/plugins/com.st.stm32cube.ide.mcu.externaltools.gnu-tools-for-stm32.10.3-2021.10.win32_1.0.100.202210260954/tools/bin/../lib/gcc/arm-none-eabi/10.3.1/../../../../arm-none-eabi/lib/thumb/v7e-m+fp/hard\libc_nano.a(lib_a-mprec.o)
                0x000000000800de30                __multadd
 .text.__hi0bits
                0x000000000800debc       0x40 c:/st/stm32cubeide_1.11.2/stm32cubeide/plugins/com.st.stm32cube.ide.mcu.externaltools.gnu-tools-for-stm32.10.3-2021.10.win32_1.0.100.202210260954/tools/bin/../lib/gcc/arm-none-eabi/10.3.1/../../../../arm-none-eabi/lib/thumb/v7e-m+fp/hard\libc_nano.a(lib_a-mprec.o)
                0x000000000800debc                __hi0bits
 .text.__lo0bits
                0x000000000800defc       0x5e c:/st/stm32cubeide_1.11.2/stm32cubeide/plugins/com.st.stm32cube.ide.mcu.externaltools.gnu-tools-for-stm32.10.3-2021.10.win32_1.0.100.202210260954/tools/bin/../lib/gcc/arm-none-eabi/10.3.1/../../../../arm-none-eabi/lib/thumb/v7e-m+fp/hard\libc_nano.a(lib_a-mprec.o)
                0x000000000800defc                __lo0bits
 *fill*         0x000000000800df5a        0x2 
 .text.__i2b    0x000000000800df5c       0x2c c:/st/stm32cubeide_1.11.2/stm32cubeide/plugins/com.st.stm32cube.ide.mcu.externaltools.gnu-tools-for-stm32.10.3-2021.10.win32_1.0.100.202210260954/tools/bin/../lib/gcc/arm-none-eabi/10.3.1/../../../../arm-none-eabi/lib/thumb/v7e-m+fp/hard\libc_nano.a(lib_a-mprec.o)
                0x000000000800df5c                __i2b
 .text.__multiply
                0x000000000800df88      0x154 c:/st/stm32cubeide_1.11.2/stm32cubeide/plugins/com.st.stm32cube.ide.mcu.externaltools.gnu-tools-for-stm32.10.3-2021.10.win32_1.0.100.202210260954/tools/bin/../lib/gcc/arm-none-eabi/10.3.1/../../../../arm-none-eabi/lib/thumb/v7e-m+fp/hard\libc_nano.a(lib_a-mprec.o)
                0x000000000800df88                __multiply
 .text.__pow5mult
                0x000000000800e0dc       0xb4 c:/st/stm32cubeide_1.11.2/stm32cubeide/plugins/com.st.stm32cube.ide.mcu.externaltools.gnu-tools-for-stm32.10.3-2021.10.win32_1.0.100.202210260954/tools/bin/../lib/gcc/arm-none-eabi/10.3.1/../../../../arm-none-eabi/lib/thumb/v7e-m+fp/hard\libc_nano.a(lib_a-mprec.o)
                0x000000000800e0dc                __pow5mult
 .text.__lshift
                0x000000000800e190       0xe0 c:/st/stm32cubeide_1.11.2/stm32cubeide/plugins/com.st.stm32cube.ide.mcu.externaltools.gnu-tools-for-stm32.10.3-2021.10.win32_1.0.100.202210260954/tools/bin/../lib/gcc/arm-none-eabi/10.3.1/../../../../arm-none-eabi/lib/thumb/v7e-m+fp/hard\libc_nano.a(lib_a-mprec.o)
                0x000000000800e190                __lshift
 .text.__mcmp   0x000000000800e270       0x38 c:/st/stm32cubeide_1.11.2/stm32cubeide/plugins/com.st.stm32cube.ide.mcu.externaltools.gnu-tools-for-stm32.10.3-2021.10.win32_1.0.100.202210260954/tools/bin/../lib/gcc/arm-none-eabi/10.3.1/../../../../arm-none-eabi/lib/thumb/v7e-m+fp/hard\libc_nano.a(lib_a-mprec.o)
                0x000000000800e270                __mcmp
 .text.__mdiff  0x000000000800e2a8      0x114 c:/st/stm32cubeide_1.11.2/stm32cubeide/plugins/com.st.stm32cube.ide.mcu.externaltools.gnu-tools-for-stm32.10.3-2021.10.win32_1.0.100.202210260954/tools/bin/../lib/gcc/arm-none-eabi/10.3.1/../../../../arm-none-eabi/lib/thumb/v7e-m+fp/hard\libc_nano.a(lib_a-mprec.o)
                0x000000000800e2a8                __mdiff
 .text.__d2b    0x000000000800e3bc       0xb8 c:/st/stm32cubeide_1.11.2/stm32cubeide/plugins/com.st.stm32cube.ide.mcu.externaltools.gnu-tools-for-stm32.10.3-2021.10.win32_1.0.100.202210260954/tools/bin/../lib/gcc/arm-none-eabi/10.3.1/../../../../arm-none-eabi/lib/thumb/v7e-m+fp/hard\libc_nano.a(lib_a-mprec.o)
                0x000000000800e3bc                __d2b
 .text._calloc_r
                0x000000000800e474       0x2c c:/st/stm32cubeide_1.11.2/stm32cubeide/plugins/com.st.stm32cube.ide.mcu.externaltools.gnu-tools-for-stm32.10.3-2021.10.win32_1.0.100.202210260954/tools/bin/../lib/gcc/arm-none-eabi/10.3.1/../../../../arm-none-eabi/lib/thumb/v7e-m+fp/hard\libc_nano.a(lib_a-nano-callocr.o)
                0x000000000800e474                _calloc_r
 .text._free_r  0x000000000800e4a0       0x98 c:/st/stm32cubeide_1.11.2/stm32cubeide/plugins/com.st.stm32cube.ide.mcu.externaltools.gnu-tools-for-stm32.10.3-2021.10.win32_1.0.100.202210260954/tools/bin/../lib/gcc/arm-none-eabi/10.3.1/../../../../arm-none-eabi/lib/thumb/v7e-m+fp/hard\libc_nano.a(lib_a-nano-freer.o)
                0x000000000800e4a0                _free_r
 .text.sbrk_aligned
                0x000000000800e538       0x40 c:/st/stm32cubeide_1.11.2/stm32cubeide/plugins/com.st.stm32cube.ide.mcu.externaltools.gnu-tools-for-stm32.10.3-2021.10.win32_1.0.100.202210260954/tools/bin/../lib/gcc/arm-none-eabi/10.3.1/../../../../arm-none-eabi/lib/thumb/v7e-m+fp/hard\libc_nano.a(lib_a-nano-mallocr.o)
 .text._malloc_r
                0x000000000800e578       0xe8 c:/st/stm32cubeide_1.11.2/stm32cubeide/plugins/com.st.stm32cube.ide.mcu.externaltools.gnu-tools-for-stm32.10.3-2021.10.win32_1.0.100.202210260954/tools/bin/../lib/gcc/arm-none-eabi/10.3.1/../../../../arm-none-eabi/lib/thumb/v7e-m+fp/hard\libc_nano.a(lib_a-nano-mallocr.o)
                0x000000000800e578                _malloc_r
 .text.__ssputs_r
                0x000000000800e660       0xb6 c:/st/stm32cubeide_1.11.2/stm32cubeide/plugins/com.st.stm32cube.ide.mcu.externaltools.gnu-tools-for-stm32.10.3-2021.10.win32_1.0.100.202210260954/tools/bin/../lib/gcc/arm-none-eabi/10.3.1/../../../../arm-none-eabi/lib/thumb/v7e-m+fp/hard\libc_nano.a(lib_a-nano-svfprintf.o)
                0x000000000800e660                __ssputs_r
 *fill*         0x000000000800e716        0x2 
 .text._svfprintf_r
                0x000000000800e718      0x200 c:/st/stm32cubeide_1.11.2/stm32cubeide/plugins/com.st.stm32cube.ide.mcu.externaltools.gnu-tools-for-stm32.10.3-2021.10.win32_1.0.100.202210260954/tools/bin/../lib/gcc/arm-none-eabi/10.3.1/../../../../arm-none-eabi/lib/thumb/v7e-m+fp/hard\libc_nano.a(lib_a-nano-svfprintf.o)
                0x000000000800e718                _svfiprintf_r
                0x000000000800e718                _svfprintf_r
 .text._sbrk_r  0x000000000800e918       0x20 c:/st/stm32cubeide_1.11.2/stm32cubeide/plugins/com.st.stm32cube.ide.mcu.externaltools.gnu-tools-for-stm32.10.3-2021.10.win32_1.0.100.202210260954/tools/bin/../lib/gcc/arm-none-eabi/10.3.1/../../../../arm-none-eabi/lib/thumb/v7e-m+fp/hard\libc_nano.a(lib_a-sbrkr.o)
                0x000000000800e918                _sbrk_r
 .text.__assert_func
                0x000000000800e938       0x3c c:/st/stm32cubeide_1.11.2/stm32cubeide/plugins/com.st.stm32cube.ide.mcu.externaltools.gnu-tools-for-stm32.10.3-2021.10.win32_1.0.100.202210260954/tools/bin/../lib/gcc/arm-none-eabi/10.3.1/../../../../arm-none-eabi/lib/thumb/v7e-m+fp/hard\libc_nano.a(lib_a-assert.o)
                0x000000000800e938                __assert_func
 .text.fprintf  0x000000000800e974       0x24 c:/st/stm32cubeide_1.11.2/stm32cubeide/plugins/com.st.stm32cube.ide.mcu.externaltools.gnu-tools-for-stm32.10.3-2021.10.win32_1.0.100.202210260954/tools/bin/../lib/gcc/arm-none-eabi/10.3.1/../../../../arm-none-eabi/lib/thumb/v7e-m+fp/hard\libc_nano.a(lib_a-fprintf.o)
                0x000000000800e974                fiprintf
                0x000000000800e974                fprintf
 .text.__ascii_mbtowc
                0x000000000800e998       0x24 c:/st/stm32cubeide_1.11.2/stm32cubeide/plugins/com.st.stm32cube.ide.mcu.externaltools.gnu-tools-for-stm32.10.3-2021.10.win32_1.0.100.202210260954/tools/bin/../lib/gcc/arm-none-eabi/10.3.1/../../../../arm-none-eabi/lib/thumb/v7e-m+fp/hard\libc_nano.a(lib_a-mbtowc_r.o)
                0x000000000800e998                __ascii_mbtowc
 .text.memmove  0x000000000800e9bc       0x34 c:/st/stm32cubeide_1.11.2/stm32cubeide/plugins/com.st.stm32cube.ide.mcu.externaltools.gnu-tools-for-stm32.10.3-2021.10.win32_1.0.100.202210260954/tools/bin/../lib/gcc/arm-none-eabi/10.3.1/../../../../arm-none-eabi/lib/thumb/v7e-m+fp/hard\libc_nano.a(lib_a-memmove.o)
                0x000000000800e9bc                memmove
 .text.__malloc_lock
                0x000000000800e9f0        0xc c:/st/stm32cubeide_1.11.2/stm32cubeide/plugins/com.st.stm32cube.ide.mcu.externaltools.gnu-tools-for-stm32.10.3-2021.10.win32_1.0.100.202210260954/tools/bin/../lib/gcc/arm-none-eabi/10.3.1/../../../../arm-none-eabi/lib/thumb/v7e-m+fp/hard\libc_nano.a(lib_a-mlock.o)
                0x000000000800e9f0                __malloc_lock
 .text.__malloc_unlock
                0x000000000800e9fc        0xc c:/st/stm32cubeide_1.11.2/stm32cubeide/plugins/com.st.stm32cube.ide.mcu.externaltools.gnu-tools-for-stm32.10.3-2021.10.win32_1.0.100.202210260954/tools/bin/../lib/gcc/arm-none-eabi/10.3.1/../../../../arm-none-eabi/lib/thumb/v7e-m+fp/hard\libc_nano.a(lib_a-mlock.o)
                0x000000000800e9fc                __malloc_unlock
 .text._realloc_r
                0x000000000800ea08       0x5e c:/st/stm32cubeide_1.11.2/stm32cubeide/plugins/com.st.stm32cube.ide.mcu.externaltools.gnu-tools-for-stm32.10.3-2021.10.win32_1.0.100.202210260954/tools/bin/../lib/gcc/arm-none-eabi/10.3.1/../../../../arm-none-eabi/lib/thumb/v7e-m+fp/hard\libc_nano.a(lib_a-nano-reallocr.o)
                0x000000000800ea08                _realloc_r
 .text.__sfputc_r
                0x000000000800ea66       0x2e c:/st/stm32cubeide_1.11.2/stm32cubeide/plugins/com.st.stm32cube.ide.mcu.externaltools.gnu-tools-for-stm32.10.3-2021.10.win32_1.0.100.202210260954/tools/bin/../lib/gcc/arm-none-eabi/10.3.1/../../../../arm-none-eabi/lib/thumb/v7e-m+fp/hard\libc_nano.a(lib_a-nano-vfprintf.o)
 .text.__sfputs_r
                0x000000000800ea94       0x24 c:/st/stm32cubeide_1.11.2/stm32cubeide/plugins/com.st.stm32cube.ide.mcu.externaltools.gnu-tools-for-stm32.10.3-2021.10.win32_1.0.100.202210260954/tools/bin/../lib/gcc/arm-none-eabi/10.3.1/../../../../arm-none-eabi/lib/thumb/v7e-m+fp/hard\libc_nano.a(lib_a-nano-vfprintf.o)
                0x000000000800ea94                __sfputs_r
 .text._vfprintf_r
                0x000000000800eab8      0x260 c:/st/stm32cubeide_1.11.2/stm32cubeide/plugins/com.st.stm32cube.ide.mcu.externaltools.gnu-tools-for-stm32.10.3-2021.10.win32_1.0.100.202210260954/tools/bin/../lib/gcc/arm-none-eabi/10.3.1/../../../../arm-none-eabi/lib/thumb/v7e-m+fp/hard\libc_nano.a(lib_a-nano-vfprintf.o)
                0x000000000800eab8                _vfprintf_r
                0x000000000800eab8                _vfiprintf_r
 .text.__swbuf_r
                0x000000000800ed18       0xa4 c:/st/stm32cubeide_1.11.2/stm32cubeide/plugins/com.st.stm32cube.ide.mcu.externaltools.gnu-tools-for-stm32.10.3-2021.10.win32_1.0.100.202210260954/tools/bin/../lib/gcc/arm-none-eabi/10.3.1/../../../../arm-none-eabi/lib/thumb/v7e-m+fp/hard\libc_nano.a(lib_a-wbuf.o)
                0x000000000800ed18                __swbuf_r
 .text.__ascii_wctomb
                0x000000000800edbc       0x1a c:/st/stm32cubeide_1.11.2/stm32cubeide/plugins/com.st.stm32cube.ide.mcu.externaltools.gnu-tools-for-stm32.10.3-2021.10.win32_1.0.100.202210260954/tools/bin/../lib/gcc/arm-none-eabi/10.3.1/../../../../arm-none-eabi/lib/thumb/v7e-m+fp/hard\libc_nano.a(lib_a-wctomb_r.o)
                0x000000000800edbc                __ascii_wctomb
 *fill*         0x000000000800edd6        0x2 
 .text.__swsetup_r
                0x000000000800edd8       0xdc c:/st/stm32cubeide_1.11.2/stm32cubeide/plugins/com.st.stm32cube.ide.mcu.externaltools.gnu-tools-for-stm32.10.3-2021.10.win32_1.0.100.202210260954/tools/bin/../lib/gcc/arm-none-eabi/10.3.1/../../../../arm-none-eabi/lib/thumb/v7e-m+fp/hard\libc_nano.a(lib_a-wsetup.o)
                0x000000000800edd8                __swsetup_r
 .text.abort    0x000000000800eeb4        0xe c:/st/stm32cubeide_1.11.2/stm32cubeide/plugins/com.st.stm32cube.ide.mcu.externaltools.gnu-tools-for-stm32.10.3-2021.10.win32_1.0.100.202210260954/tools/bin/../lib/gcc/arm-none-eabi/10.3.1/../../../../arm-none-eabi/lib/thumb/v7e-m+fp/hard\libc_nano.a(lib_a-abort.o)
                0x000000000800eeb4                abort
 *fill*         0x000000000800eec2        0x2 
 .text.__sflush_r
                0x000000000800eec4      0x10c c:/st/stm32cubeide_1.11.2/stm32cubeide/plugins/com.st.stm32cube.ide.mcu.externaltools.gnu-tools-for-stm32.10.3-2021.10.win32_1.0.100.202210260954/tools/bin/../lib/gcc/arm-none-eabi/10.3.1/../../../../arm-none-eabi/lib/thumb/v7e-m+fp/hard\libc_nano.a(lib_a-fflush.o)
                0x000000000800eec4                __sflush_r
 .text._fflush_r
                0x000000000800efd0       0x78 c:/st/stm32cubeide_1.11.2/stm32cubeide/plugins/com.st.stm32cube.ide.mcu.externaltools.gnu-tools-for-stm32.10.3-2021.10.win32_1.0.100.202210260954/tools/bin/../lib/gcc/arm-none-eabi/10.3.1/../../../../arm-none-eabi/lib/thumb/v7e-m+fp/hard\libc_nano.a(lib_a-fflush.o)
                0x000000000800efd0                _fflush_r
 .text.std      0x000000000800f048       0x48 c:/st/stm32cubeide_1.11.2/stm32cubeide/plugins/com.st.stm32cube.ide.mcu.externaltools.gnu-tools-for-stm32.10.3-2021.10.win32_1.0.100.202210260954/tools/bin/../lib/gcc/arm-none-eabi/10.3.1/../../../../arm-none-eabi/lib/thumb/v7e-m+fp/hard\libc_nano.a(lib_a-findfp.o)
 .text._cleanup_r
                0x000000000800f090        0xc c:/st/stm32cubeide_1.11.2/stm32cubeide/plugins/com.st.stm32cube.ide.mcu.externaltools.gnu-tools-for-stm32.10.3-2021.10.win32_1.0.100.202210260954/tools/bin/../lib/gcc/arm-none-eabi/10.3.1/../../../../arm-none-eabi/lib/thumb/v7e-m+fp/hard\libc_nano.a(lib_a-findfp.o)
                0x000000000800f090                _cleanup_r
 .text.__sfmoreglue
                0x000000000800f09c       0x2c c:/st/stm32cubeide_1.11.2/stm32cubeide/plugins/com.st.stm32cube.ide.mcu.externaltools.gnu-tools-for-stm32.10.3-2021.10.win32_1.0.100.202210260954/tools/bin/../lib/gcc/arm-none-eabi/10.3.1/../../../../arm-none-eabi/lib/thumb/v7e-m+fp/hard\libc_nano.a(lib_a-findfp.o)
                0x000000000800f09c                __sfmoreglue
 .text.__sfp_lock_acquire
                0x000000000800f0c8        0xc c:/st/stm32cubeide_1.11.2/stm32cubeide/plugins/com.st.stm32cube.ide.mcu.externaltools.gnu-tools-for-stm32.10.3-2021.10.win32_1.0.100.202210260954/tools/bin/../lib/gcc/arm-none-eabi/10.3.1/../../../../arm-none-eabi/lib/thumb/v7e-m+fp/hard\libc_nano.a(lib_a-findfp.o)
                0x000000000800f0c8                __sfp_lock_acquire
 .text.__sfp_lock_release
                0x000000000800f0d4        0xc c:/st/stm32cubeide_1.11.2/stm32cubeide/plugins/com.st.stm32cube.ide.mcu.externaltools.gnu-tools-for-stm32.10.3-2021.10.win32_1.0.100.202210260954/tools/bin/../lib/gcc/arm-none-eabi/10.3.1/../../../../arm-none-eabi/lib/thumb/v7e-m+fp/hard\libc_nano.a(lib_a-findfp.o)
                0x000000000800f0d4                __sfp_lock_release
 .text.__sinit_lock_acquire
                0x000000000800f0e0        0xc c:/st/stm32cubeide_1.11.2/stm32cubeide/plugins/com.st.stm32cube.ide.mcu.externaltools.gnu-tools-for-stm32.10.3-2021.10.win32_1.0.100.202210260954/tools/bin/../lib/gcc/arm-none-eabi/10.3.1/../../../../arm-none-eabi/lib/thumb/v7e-m+fp/hard\libc_nano.a(lib_a-findfp.o)
                0x000000000800f0e0                __sinit_lock_acquire
 .text.__sinit_lock_release
                0x000000000800f0ec        0xc c:/st/stm32cubeide_1.11.2/stm32cubeide/plugins/com.st.stm32cube.ide.mcu.externaltools.gnu-tools-for-stm32.10.3-2021.10.win32_1.0.100.202210260954/tools/bin/../lib/gcc/arm-none-eabi/10.3.1/../../../../arm-none-eabi/lib/thumb/v7e-m+fp/hard\libc_nano.a(lib_a-findfp.o)
                0x000000000800f0ec                __sinit_lock_release
 .text.__sinit  0x000000000800f0f8       0x70 c:/st/stm32cubeide_1.11.2/stm32cubeide/plugins/com.st.stm32cube.ide.mcu.externaltools.gnu-tools-for-stm32.10.3-2021.10.win32_1.0.100.202210260954/tools/bin/../lib/gcc/arm-none-eabi/10.3.1/../../../../arm-none-eabi/lib/thumb/v7e-m+fp/hard\libc_nano.a(lib_a-findfp.o)
                0x000000000800f0f8                __sinit
 .text.__sfp    0x000000000800f168       0x8c c:/st/stm32cubeide_1.11.2/stm32cubeide/plugins/com.st.stm32cube.ide.mcu.externaltools.gnu-tools-for-stm32.10.3-2021.10.win32_1.0.100.202210260954/tools/bin/../lib/gcc/arm-none-eabi/10.3.1/../../../../arm-none-eabi/lib/thumb/v7e-m+fp/hard\libc_nano.a(lib_a-findfp.o)
                0x000000000800f168                __sfp
 .text._fwalk_reent
                0x000000000800f1f4       0x3e c:/st/stm32cubeide_1.11.2/stm32cubeide/plugins/com.st.stm32cube.ide.mcu.externaltools.gnu-tools-for-stm32.10.3-2021.10.win32_1.0.100.202210260954/tools/bin/../lib/gcc/arm-none-eabi/10.3.1/../../../../arm-none-eabi/lib/thumb/v7e-m+fp/hard\libc_nano.a(lib_a-fwalk.o)
                0x000000000800f1f4                _fwalk_reent
 .text.__retarget_lock_init_recursive
                0x000000000800f232        0x2 c:/st/stm32cubeide_1.11.2/stm32cubeide/plugins/com.st.stm32cube.ide.mcu.externaltools.gnu-tools-for-stm32.10.3-2021.10.win32_1.0.100.202210260954/tools/bin/../lib/gcc/arm-none-eabi/10.3.1/../../../../arm-none-eabi/lib/thumb/v7e-m+fp/hard\libc_nano.a(lib_a-lock.o)
                0x000000000800f232                __retarget_lock_init_recursive
 .text.__retarget_lock_acquire_recursive
                0x000000000800f234        0x2 c:/st/stm32cubeide_1.11.2/stm32cubeide/plugins/com.st.stm32cube.ide.mcu.externaltools.gnu-tools-for-stm32.10.3-2021.10.win32_1.0.100.202210260954/tools/bin/../lib/gcc/arm-none-eabi/10.3.1/../../../../arm-none-eabi/lib/thumb/v7e-m+fp/hard\libc_nano.a(lib_a-lock.o)
                0x000000000800f234                __retarget_lock_acquire_recursive
 .text.__retarget_lock_release_recursive
                0x000000000800f236        0x2 c:/st/stm32cubeide_1.11.2/stm32cubeide/plugins/com.st.stm32cube.ide.mcu.externaltools.gnu-tools-for-stm32.10.3-2021.10.win32_1.0.100.202210260954/tools/bin/../lib/gcc/arm-none-eabi/10.3.1/../../../../arm-none-eabi/lib/thumb/v7e-m+fp/hard\libc_nano.a(lib_a-lock.o)
                0x000000000800f236                __retarget_lock_release_recursive
 .text.__swhatbuf_r
                0x000000000800f238       0x4a c:/st/stm32cubeide_1.11.2/stm32cubeide/plugins/com.st.stm32cube.ide.mcu.externaltools.gnu-tools-for-stm32.10.3-2021.10.win32_1.0.100.202210260954/tools/bin/../lib/gcc/arm-none-eabi/10.3.1/../../../../arm-none-eabi/lib/thumb/v7e-m+fp/hard\libc_nano.a(lib_a-makebuf.o)
                0x000000000800f238                __swhatbuf_r
 *fill*         0x000000000800f282        0x2 
 .text.__smakebuf_r
                0x000000000800f284       0x80 c:/st/stm32cubeide_1.11.2/stm32cubeide/plugins/com.st.stm32cube.ide.mcu.externaltools.gnu-tools-for-stm32.10.3-2021.10.win32_1.0.100.202210260954/tools/bin/../lib/gcc/arm-none-eabi/10.3.1/../../../../arm-none-eabi/lib/thumb/v7e-m+fp/hard\libc_nano.a(lib_a-makebuf.o)
                0x000000000800f284                __smakebuf_r
 .text._malloc_usable_size_r
                0x000000000800f304       0x10 c:/st/stm32cubeide_1.11.2/stm32cubeide/plugins/com.st.stm32cube.ide.mcu.externaltools.gnu-tools-for-stm32.10.3-2021.10.win32_1.0.100.202210260954/tools/bin/../lib/gcc/arm-none-eabi/10.3.1/../../../../arm-none-eabi/lib/thumb/v7e-m+fp/hard\libc_nano.a(lib_a-nano-msizer.o)
                0x000000000800f304                _malloc_usable_size_r
 .text._raise_r
                0x000000000800f314       0x50 c:/st/stm32cubeide_1.11.2/stm32cubeide/plugins/com.st.stm32cube.ide.mcu.externaltools.gnu-tools-for-stm32.10.3-2021.10.win32_1.0.100.202210260954/tools/bin/../lib/gcc/arm-none-eabi/10.3.1/../../../../arm-none-eabi/lib/thumb/v7e-m+fp/hard\libc_nano.a(lib_a-signal.o)
                0x000000000800f314                _raise_r
 .text.raise    0x000000000800f364       0x10 c:/st/stm32cubeide_1.11.2/stm32cubeide/plugins/com.st.stm32cube.ide.mcu.externaltools.gnu-tools-for-stm32.10.3-2021.10.win32_1.0.100.202210260954/tools/bin/../lib/gcc/arm-none-eabi/10.3.1/../../../../arm-none-eabi/lib/thumb/v7e-m+fp/hard\libc_nano.a(lib_a-signal.o)
                0x000000000800f364                raise
 .text._kill_r  0x000000000800f374       0x24 c:/st/stm32cubeide_1.11.2/stm32cubeide/plugins/com.st.stm32cube.ide.mcu.externaltools.gnu-tools-for-stm32.10.3-2021.10.win32_1.0.100.202210260954/tools/bin/../lib/gcc/arm-none-eabi/10.3.1/../../../../arm-none-eabi/lib/thumb/v7e-m+fp/hard\libc_nano.a(lib_a-signalr.o)
                0x000000000800f374                _kill_r
 .text._getpid_r
                0x000000000800f398        0x4 c:/st/stm32cubeide_1.11.2/stm32cubeide/plugins/com.st.stm32cube.ide.mcu.externaltools.gnu-tools-for-stm32.10.3-2021.10.win32_1.0.100.202210260954/tools/bin/../lib/gcc/arm-none-eabi/10.3.1/../../../../arm-none-eabi/lib/thumb/v7e-m+fp/hard\libc_nano.a(lib_a-signalr.o)
                0x000000000800f398                _getpid_r
 .text.__sread  0x000000000800f39c       0x22 c:/st/stm32cubeide_1.11.2/stm32cubeide/plugins/com.st.stm32cube.ide.mcu.externaltools.gnu-tools-for-stm32.10.3-2021.10.win32_1.0.100.202210260954/tools/bin/../lib/gcc/arm-none-eabi/10.3.1/../../../../arm-none-eabi/lib/thumb/v7e-m+fp/hard\libc_nano.a(lib_a-stdio.o)
                0x000000000800f39c                __sread
 .text.__swrite
                0x000000000800f3be       0x38 c:/st/stm32cubeide_1.11.2/stm32cubeide/plugins/com.st.stm32cube.ide.mcu.externaltools.gnu-tools-for-stm32.10.3-2021.10.win32_1.0.100.202210260954/tools/bin/../lib/gcc/arm-none-eabi/10.3.1/../../../../arm-none-eabi/lib/thumb/v7e-m+fp/hard\libc_nano.a(lib_a-stdio.o)
                0x000000000800f3be                __swrite
 .text.__sseek  0x000000000800f3f6       0x24 c:/st/stm32cubeide_1.11.2/stm32cubeide/plugins/com.st.stm32cube.ide.mcu.externaltools.gnu-tools-for-stm32.10.3-2021.10.win32_1.0.100.202210260954/tools/bin/../lib/gcc/arm-none-eabi/10.3.1/../../../../arm-none-eabi/lib/thumb/v7e-m+fp/hard\libc_nano.a(lib_a-stdio.o)
                0x000000000800f3f6                __sseek
 .text.__sclose
                0x000000000800f41a        0x8 c:/st/stm32cubeide_1.11.2/stm32cubeide/plugins/com.st.stm32cube.ide.mcu.externaltools.gnu-tools-for-stm32.10.3-2021.10.win32_1.0.100.202210260954/tools/bin/../lib/gcc/arm-none-eabi/10.3.1/../../../../arm-none-eabi/lib/thumb/v7e-m+fp/hard\libc_nano.a(lib_a-stdio.o)
                0x000000000800f41a                __sclose
 *fill*         0x000000000800f422        0x2 
 .text._write_r
                0x000000000800f424       0x24 c:/st/stm32cubeide_1.11.2/stm32cubeide/plugins/com.st.stm32cube.ide.mcu.externaltools.gnu-tools-for-stm32.10.3-2021.10.win32_1.0.100.202210260954/tools/bin/../lib/gcc/arm-none-eabi/10.3.1/../../../../arm-none-eabi/lib/thumb/v7e-m+fp/hard\libc_nano.a(lib_a-writer.o)
                0x000000000800f424                _write_r
 .text._close_r
                0x000000000800f448       0x20 c:/st/stm32cubeide_1.11.2/stm32cubeide/plugins/com.st.stm32cube.ide.mcu.externaltools.gnu-tools-for-stm32.10.3-2021.10.win32_1.0.100.202210260954/tools/bin/../lib/gcc/arm-none-eabi/10.3.1/../../../../arm-none-eabi/lib/thumb/v7e-m+fp/hard\libc_nano.a(lib_a-closer.o)
                0x000000000800f448                _close_r
 .text._fstat_r
                0x000000000800f468       0x24 c:/st/stm32cubeide_1.11.2/stm32cubeide/plugins/com.st.stm32cube.ide.mcu.externaltools.gnu-tools-for-stm32.10.3-2021.10.win32_1.0.100.202210260954/tools/bin/../lib/gcc/arm-none-eabi/10.3.1/../../../../arm-none-eabi/lib/thumb/v7e-m+fp/hard\libc_nano.a(lib_a-fstatr.o)
                0x000000000800f468                _fstat_r
 .text._isatty_r
                0x000000000800f48c       0x20 c:/st/stm32cubeide_1.11.2/stm32cubeide/plugins/com.st.stm32cube.ide.mcu.externaltools.gnu-tools-for-stm32.10.3-2021.10.win32_1.0.100.202210260954/tools/bin/../lib/gcc/arm-none-eabi/10.3.1/../../../../arm-none-eabi/lib/thumb/v7e-m+fp/hard\libc_nano.a(lib_a-isattyr.o)
                0x000000000800f48c                _isatty_r
 .text._lseek_r
                0x000000000800f4ac       0x24 c:/st/stm32cubeide_1.11.2/stm32cubeide/plugins/com.st.stm32cube.ide.mcu.externaltools.gnu-tools-for-stm32.10.3-2021.10.win32_1.0.100.202210260954/tools/bin/../lib/gcc/arm-none-eabi/10.3.1/../../../../arm-none-eabi/lib/thumb/v7e-m+fp/hard\libc_nano.a(lib_a-lseekr.o)
                0x000000000800f4ac                _lseek_r
 .text._read_r  0x000000000800f4d0       0x24 c:/st/stm32cubeide_1.11.2/stm32cubeide/plugins/com.st.stm32cube.ide.mcu.externaltools.gnu-tools-for-stm32.10.3-2021.10.win32_1.0.100.202210260954/tools/bin/../lib/gcc/arm-none-eabi/10.3.1/../../../../arm-none-eabi/lib/thumb/v7e-m+fp/hard\libc_nano.a(lib_a-readr.o)
                0x000000000800f4d0                _read_r
 *(.glue_7)
 .glue_7        0x000000000800f4f4        0x0 linker stubs
 *(.glue_7t)
 .glue_7t       0x000000000800f4f4        0x0 linker stubs
 *(.eh_frame)
 .eh_frame      0x000000000800f4f4        0x0 c:/st/stm32cubeide_1.11.2/stm32cubeide/plugins/com.st.stm32cube.ide.mcu.externaltools.gnu-tools-for-stm32.10.3-2021.10.win32_1.0.100.202210260954/tools/bin/../lib/gcc/arm-none-eabi/10.3.1/thumb/v7e-m+fp/hard/crtbegin.o
 *(.init)
 .init          0x000000000800f4f4        0x4 c:/st/stm32cubeide_1.11.2/stm32cubeide/plugins/com.st.stm32cube.ide.mcu.externaltools.gnu-tools-for-stm32.10.3-2021.10.win32_1.0.100.202210260954/tools/bin/../lib/gcc/arm-none-eabi/10.3.1/thumb/v7e-m+fp/hard/crti.o
                0x000000000800f4f4                _init
 .init          0x000000000800f4f8        0x8 c:/st/stm32cubeide_1.11.2/stm32cubeide/plugins/com.st.stm32cube.ide.mcu.externaltools.gnu-tools-for-stm32.10.3-2021.10.win32_1.0.100.202210260954/tools/bin/../lib/gcc/arm-none-eabi/10.3.1/thumb/v7e-m+fp/hard/crtn.o
 *(.fini)
 .fini          0x000000000800f500        0x4 c:/st/stm32cubeide_1.11.2/stm32cubeide/plugins/com.st.stm32cube.ide.mcu.externaltools.gnu-tools-for-stm32.10.3-2021.10.win32_1.0.100.202210260954/tools/bin/../lib/gcc/arm-none-eabi/10.3.1/thumb/v7e-m+fp/hard/crti.o
                0x000000000800f500                _fini
 .fini          0x000000000800f504        0x8 c:/st/stm32cubeide_1.11.2/stm32cubeide/plugins/com.st.stm32cube.ide.mcu.externaltools.gnu-tools-for-stm32.10.3-2021.10.win32_1.0.100.202210260954/tools/bin/../lib/gcc/arm-none-eabi/10.3.1/thumb/v7e-m+fp/hard/crtn.o
                0x000000000800f50c                . = ALIGN (0x4)
                0x000000000800f50c                _etext = .

.vfp11_veneer   0x000000000800f50c        0x0
 .vfp11_veneer  0x000000000800f50c        0x0 linker stubs

.v4_bx          0x000000000800f50c        0x0
 .v4_bx         0x000000000800f50c        0x0 linker stubs

.iplt           0x000000000800f50c        0x0
 .iplt          0x000000000800f50c        0x0 c:/st/stm32cubeide_1.11.2/stm32cubeide/plugins/com.st.stm32cube.ide.mcu.externaltools.gnu-tools-for-stm32.10.3-2021.10.win32_1.0.100.202210260954/tools/bin/../lib/gcc/arm-none-eabi/10.3.1/thumb/v7e-m+fp/hard/crtbegin.o

.rodata         0x000000000800f510      0x4f4
                0x000000000800f510                . = ALIGN (0x4)
 *(.rodata)
 .rodata        0x000000000800f510       0xdf ./Core/Src/main.o
 *fill*         0x000000000800f5ef        0x1 
 .rodata        0x000000000800f5f0       0x1c ./Drivers/BSP/NUCLEO-F411RE/vl53l0x_platform.o
 *(.rodata*)
 .rodata.AHBPrescTable
                0x000000000800f60c       0x10 ./Core/Src/system_stm32f4xx.o
                0x000000000800f60c                AHBPrescTable
 .rodata.APBPrescTable
                0x000000000800f61c        0x8 ./Core/Src/system_stm32f4xx.o
                0x000000000800f61c                APBPrescTable
 .rodata.flagBitshiftOffset.0
                0x000000000800f624        0x8 ./Drivers/STM32F4xx_HAL_Driver/Src/stm32f4xx_hal_dma.o
 .rodata._global_impure_ptr
                0x000000000800f62c        0x4 c:/st/stm32cubeide_1.11.2/stm32cubeide/plugins/com.st.stm32cube.ide.mcu.externaltools.gnu-tools-for-stm32.10.3-2021.10.win32_1.0.100.202210260954/tools/bin/../lib/gcc/arm-none-eabi/10.3.1/../../../../arm-none-eabi/lib/thumb/v7e-m+fp/hard\libc_nano.a(lib_a-impure.o)
                0x000000000800f62c                _global_impure_ptr
 .rodata._printf_float.str1.1