../Core/Src/main.c:108:8:get_current	32	static
../Core/Src/main.c:121:7:Recevoir_tension_SHUNT	80	static
../Core/Src/main.c:142:8:get_voltage	32	static
../Core/Src/main.c:154:6:Correcteur	80	static
../Core/Src/main.c:178:5:get_position	24	static
../Core/Src/main.c:197:6:send_data	32	static
../Core/Src/main.c:212:5:main	16	static
../Core/Src/main.c:279:6:SystemClock_Config	88	static
../Core/Src/main.c:326:13:MX_ADC1_Init	24	static
../Core/Src/main.c:387:13:MX_I2C1_Init	8	static
../Core/Src/main.c:421:13:MX_TIM1_Init	96	static
../Core/Src/main.c:496:13:MX_TIM2_Init	32	static
../Core/Src/main.c:541:13:MX_USART2_UART_Init	8	static
../Core/Src/main.c:572:13:MX_DMA_Init	16	static
../Core/Src/main.c:590:13:MX_GPIO_Init	48	static
../Core/Src/main.c:620:6:HAL_TIM_PeriodElapsedCallback	16	static
../Core/Src/main.c:630:6:HAL_ADC_ConvCpltCallback	16	static
../Core/Src/main.c:643:8:get_value_from_digits	24	static
../Core/Src/main.c:655:6:HAL_UART_RxCpltCallback	24	static
../Core/Src/main.c:706:6:Error_Handler	4	static,ignoring_inline_asm
